<?xml version="1.0"?>
<link_info>
   <banner>MSP430 Linker PC v4.3.3</banner>
   <copyright>Copyright (c) 2003-2014 Texas Instruments Incorporated</copyright>
   <link_time>0x54466ea3</link_time>
   <link_errors>0x0</link_errors>
   <output_file>TrickUSBProject_1.out</output_file>
   <entry_point>
      <name>_c_int00</name>
      <address>0x4632</address>
   </entry_point>
   <input_file_list>
      <input_file id="fl-2">
         <path>.\</path>
         <kind>object</kind>
         <file>hal.obj</file>
         <name>hal.obj</name>
      </input_file>
      <input_file id="fl-3">
         <path>.\</path>
         <kind>object</kind>
         <file>main.obj</file>
         <name>main.obj</name>
      </input_file>
      <input_file id="fl-4">
         <path>.\</path>
         <kind>object</kind>
         <file>system_pre_init.obj</file>
         <name>system_pre_init.obj</name>
      </input_file>
      <input_file id="fl-5">
         <path>.\driverlib\MSP430F5xx_6xx\</path>
         <kind>object</kind>
         <file>adc10_a.obj</file>
         <name>adc10_a.obj</name>
      </input_file>
      <input_file id="fl-6">
         <path>.\driverlib\MSP430F5xx_6xx\</path>
         <kind>object</kind>
         <file>adc12_a.obj</file>
         <name>adc12_a.obj</name>
      </input_file>
      <input_file id="fl-7">
         <path>.\driverlib\MSP430F5xx_6xx\</path>
         <kind>object</kind>
         <file>aes.obj</file>
         <name>aes.obj</name>
      </input_file>
      <input_file id="fl-8">
         <path>.\driverlib\MSP430F5xx_6xx\</path>
         <kind>object</kind>
         <file>bak_batt.obj</file>
         <name>bak_batt.obj</name>
      </input_file>
      <input_file id="fl-9">
         <path>.\driverlib\MSP430F5xx_6xx\</path>
         <kind>object</kind>
         <file>comp_b.obj</file>
         <name>comp_b.obj</name>
      </input_file>
      <input_file id="fl-a">
         <path>.\driverlib\MSP430F5xx_6xx\</path>
         <kind>object</kind>
         <file>crc.obj</file>
         <name>crc.obj</name>
      </input_file>
      <input_file id="fl-b">
         <path>.\driverlib\MSP430F5xx_6xx\</path>
         <kind>object</kind>
         <file>dac12_a.obj</file>
         <name>dac12_a.obj</name>
      </input_file>
      <input_file id="fl-c">
         <path>.\driverlib\MSP430F5xx_6xx\</path>
         <kind>object</kind>
         <file>dma.obj</file>
         <name>dma.obj</name>
      </input_file>
      <input_file id="fl-d">
         <path>.\driverlib\MSP430F5xx_6xx\</path>
         <kind>object</kind>
         <file>eusci_a_spi.obj</file>
         <name>eusci_a_spi.obj</name>
      </input_file>
      <input_file id="fl-e">
         <path>.\driverlib\MSP430F5xx_6xx\</path>
         <kind>object</kind>
         <file>eusci_a_uart.obj</file>
         <name>eusci_a_uart.obj</name>
      </input_file>
      <input_file id="fl-f">
         <path>.\driverlib\MSP430F5xx_6xx\</path>
         <kind>object</kind>
         <file>eusci_b_i2c.obj</file>
         <name>eusci_b_i2c.obj</name>
      </input_file>
      <input_file id="fl-10">
         <path>.\driverlib\MSP430F5xx_6xx\</path>
         <kind>object</kind>
         <file>eusci_b_spi.obj</file>
         <name>eusci_b_spi.obj</name>
      </input_file>
      <input_file id="fl-11">
         <path>.\driverlib\MSP430F5xx_6xx\</path>
         <kind>object</kind>
         <file>eusci_i2c.obj</file>
         <name>eusci_i2c.obj</name>
      </input_file>
      <input_file id="fl-12">
         <path>.\driverlib\MSP430F5xx_6xx\</path>
         <kind>object</kind>
         <file>eusci_spi.obj</file>
         <name>eusci_spi.obj</name>
      </input_file>
      <input_file id="fl-13">
         <path>.\driverlib\MSP430F5xx_6xx\</path>
         <kind>object</kind>
         <file>eusci_uart.obj</file>
         <name>eusci_uart.obj</name>
      </input_file>
      <input_file id="fl-14">
         <path>.\driverlib\MSP430F5xx_6xx\</path>
         <kind>object</kind>
         <file>flash.obj</file>
         <name>flash.obj</name>
      </input_file>
      <input_file id="fl-15">
         <path>.\driverlib\MSP430F5xx_6xx\</path>
         <kind>object</kind>
         <file>gpio.obj</file>
         <name>gpio.obj</name>
      </input_file>
      <input_file id="fl-16">
         <path>.\driverlib\MSP430F5xx_6xx\</path>
         <kind>object</kind>
         <file>ldopwr.obj</file>
         <name>ldopwr.obj</name>
      </input_file>
      <input_file id="fl-17">
         <path>.\driverlib\MSP430F5xx_6xx\</path>
         <kind>object</kind>
         <file>mpy32.obj</file>
         <name>mpy32.obj</name>
      </input_file>
      <input_file id="fl-18">
         <path>.\driverlib\MSP430F5xx_6xx\</path>
         <kind>object</kind>
         <file>pmap.obj</file>
         <name>pmap.obj</name>
      </input_file>
      <input_file id="fl-19">
         <path>.\driverlib\MSP430F5xx_6xx\</path>
         <kind>object</kind>
         <file>pmm.obj</file>
         <name>pmm.obj</name>
      </input_file>
      <input_file id="fl-1a">
         <path>.\driverlib\MSP430F5xx_6xx\</path>
         <kind>object</kind>
         <file>ram.obj</file>
         <name>ram.obj</name>
      </input_file>
      <input_file id="fl-1b">
         <path>.\driverlib\MSP430F5xx_6xx\</path>
         <kind>object</kind>
         <file>ref.obj</file>
         <name>ref.obj</name>
      </input_file>
      <input_file id="fl-1c">
         <path>.\driverlib\MSP430F5xx_6xx\</path>
         <kind>object</kind>
         <file>rtc_a.obj</file>
         <name>rtc_a.obj</name>
      </input_file>
      <input_file id="fl-1d">
         <path>.\driverlib\MSP430F5xx_6xx\</path>
         <kind>object</kind>
         <file>rtc_b.obj</file>
         <name>rtc_b.obj</name>
      </input_file>
      <input_file id="fl-1e">
         <path>.\driverlib\MSP430F5xx_6xx\</path>
         <kind>object</kind>
         <file>rtc_c.obj</file>
         <name>rtc_c.obj</name>
      </input_file>
      <input_file id="fl-1f">
         <path>.\driverlib\MSP430F5xx_6xx\</path>
         <kind>object</kind>
         <file>sd24_b.obj</file>
         <name>sd24_b.obj</name>
      </input_file>
      <input_file id="fl-20">
         <path>.\driverlib\MSP430F5xx_6xx\</path>
         <kind>object</kind>
         <file>sfr.obj</file>
         <name>sfr.obj</name>
      </input_file>
      <input_file id="fl-21">
         <path>.\driverlib\MSP430F5xx_6xx\</path>
         <kind>object</kind>
         <file>sys.obj</file>
         <name>sys.obj</name>
      </input_file>
      <input_file id="fl-22">
         <path>.\driverlib\MSP430F5xx_6xx\</path>
         <kind>object</kind>
         <file>tec.obj</file>
         <name>tec.obj</name>
      </input_file>
      <input_file id="fl-23">
         <path>.\driverlib\MSP430F5xx_6xx\</path>
         <kind>object</kind>
         <file>timer_a.obj</file>
         <name>timer_a.obj</name>
      </input_file>
      <input_file id="fl-24">
         <path>.\driverlib\MSP430F5xx_6xx\</path>
         <kind>object</kind>
         <file>timer_b.obj</file>
         <name>timer_b.obj</name>
      </input_file>
      <input_file id="fl-25">
         <path>.\driverlib\MSP430F5xx_6xx\</path>
         <kind>object</kind>
         <file>timer_d.obj</file>
         <name>timer_d.obj</name>
      </input_file>
      <input_file id="fl-26">
         <path>.\driverlib\MSP430F5xx_6xx\</path>
         <kind>object</kind>
         <file>tlv.obj</file>
         <name>tlv.obj</name>
      </input_file>
      <input_file id="fl-27">
         <path>.\driverlib\MSP430F5xx_6xx\</path>
         <kind>object</kind>
         <file>ucs.obj</file>
         <name>ucs.obj</name>
      </input_file>
      <input_file id="fl-28">
         <path>.\driverlib\MSP430F5xx_6xx\</path>
         <kind>object</kind>
         <file>usci_a_spi.obj</file>
         <name>usci_a_spi.obj</name>
      </input_file>
      <input_file id="fl-29">
         <path>.\driverlib\MSP430F5xx_6xx\</path>
         <kind>object</kind>
         <file>usci_a_uart.obj</file>
         <name>usci_a_uart.obj</name>
      </input_file>
      <input_file id="fl-2a">
         <path>.\driverlib\MSP430F5xx_6xx\</path>
         <kind>object</kind>
         <file>usci_b_i2c.obj</file>
         <name>usci_b_i2c.obj</name>
      </input_file>
      <input_file id="fl-2b">
         <path>.\driverlib\MSP430F5xx_6xx\</path>
         <kind>object</kind>
         <file>usci_b_spi.obj</file>
         <name>usci_b_spi.obj</name>
      </input_file>
      <input_file id="fl-2c">
         <path>.\driverlib\MSP430F5xx_6xx\</path>
         <kind>object</kind>
         <file>usci_i2c.obj</file>
         <name>usci_i2c.obj</name>
      </input_file>
      <input_file id="fl-2d">
         <path>.\driverlib\MSP430F5xx_6xx\</path>
         <kind>object</kind>
         <file>usci_spi.obj</file>
         <name>usci_spi.obj</name>
      </input_file>
      <input_file id="fl-2e">
         <path>.\driverlib\MSP430F5xx_6xx\</path>
         <kind>object</kind>
         <file>usci_uart.obj</file>
         <name>usci_uart.obj</name>
      </input_file>
      <input_file id="fl-2f">
         <path>.\driverlib\MSP430F5xx_6xx\</path>
         <kind>object</kind>
         <file>wdt_a.obj</file>
         <name>wdt_a.obj</name>
      </input_file>
      <input_file id="fl-30">
         <path>.\driverlib\MSP430F5xx_6xx\deprecated\</path>
         <kind>object</kind>
         <file>dma.obj</file>
         <name>dma.obj</name>
      </input_file>
      <input_file id="fl-31">
         <path>.\driverlib\MSP430F5xx_6xx\deprecated\</path>
         <kind>object</kind>
         <file>flash.obj</file>
         <name>flash.obj</name>
      </input_file>
      <input_file id="fl-32">
         <path>.\driverlib\MSP430F5xx_6xx\deprecated\</path>
         <kind>object</kind>
         <file>mpy32.obj</file>
         <name>mpy32.obj</name>
      </input_file>
      <input_file id="fl-33">
         <path>.\driverlib\MSP430F5xx_6xx\deprecated\</path>
         <kind>object</kind>
         <file>pmm.obj</file>
         <name>pmm.obj</name>
      </input_file>
      <input_file id="fl-34">
         <path>.\driverlib\MSP430F5xx_6xx\deprecated\</path>
         <kind>object</kind>
         <file>ram.obj</file>
         <name>ram.obj</name>
      </input_file>
      <input_file id="fl-35">
         <path>.\driverlib\MSP430F5xx_6xx\deprecated\</path>
         <kind>object</kind>
         <file>sfr.obj</file>
         <name>sfr.obj</name>
      </input_file>
      <input_file id="fl-36">
         <path>.\driverlib\MSP430F5xx_6xx\deprecated\</path>
         <kind>object</kind>
         <file>sys.obj</file>
         <name>sys.obj</name>
      </input_file>
      <input_file id="fl-37">
         <path>.\driverlib\MSP430F5xx_6xx\deprecated\</path>
         <kind>object</kind>
         <file>ucs.obj</file>
         <name>ucs.obj</name>
      </input_file>
      <input_file id="fl-38">
         <path>.\USB_config\</path>
         <kind>object</kind>
         <file>UsbIsr.obj</file>
         <name>UsbIsr.obj</name>
      </input_file>
      <input_file id="fl-39">
         <path>.\USB_config\</path>
         <kind>object</kind>
         <file>descriptors.obj</file>
         <name>descriptors.obj</name>
      </input_file>
      <input_file id="fl-3a">
         <path>.\USB_app\</path>
         <kind>object</kind>
         <file>usbConstructs.obj</file>
         <name>usbConstructs.obj</name>
      </input_file>
      <input_file id="fl-3b">
         <path>.\USB_app\</path>
         <kind>object</kind>
         <file>usbEventHandling.obj</file>
         <name>usbEventHandling.obj</name>
      </input_file>
      <input_file id="fl-3c">
         <path>.\USB_API\USB_PHDC_API\</path>
         <kind>object</kind>
         <file>UsbPHDC.obj</file>
         <name>UsbPHDC.obj</name>
      </input_file>
      <input_file id="fl-3d">
         <path>.\USB_API\USB_MSC_API\</path>
         <kind>object</kind>
         <file>UsbMscReq.obj</file>
         <name>UsbMscReq.obj</name>
      </input_file>
      <input_file id="fl-3e">
         <path>.\USB_API\USB_MSC_API\</path>
         <kind>object</kind>
         <file>UsbMscScsi.obj</file>
         <name>UsbMscScsi.obj</name>
      </input_file>
      <input_file id="fl-3f">
         <path>.\USB_API\USB_MSC_API\</path>
         <kind>object</kind>
         <file>UsbMscStateMachine.obj</file>
         <name>UsbMscStateMachine.obj</name>
      </input_file>
      <input_file id="fl-40">
         <path>.\USB_API\USB_HID_API\</path>
         <kind>object</kind>
         <file>UsbHid.obj</file>
         <name>UsbHid.obj</name>
      </input_file>
      <input_file id="fl-41">
         <path>.\USB_API\USB_HID_API\</path>
         <kind>object</kind>
         <file>UsbHidReq.obj</file>
         <name>UsbHidReq.obj</name>
      </input_file>
      <input_file id="fl-42">
         <path>.\USB_API\USB_Common\</path>
         <kind>object</kind>
         <file>usb.obj</file>
         <name>usb.obj</name>
      </input_file>
      <input_file id="fl-43">
         <path>.\USB_API\USB_Common\</path>
         <kind>object</kind>
         <file>usbdma.obj</file>
         <name>usbdma.obj</name>
      </input_file>
      <input_file id="fl-44">
         <path>.\USB_API\USB_CDC_API\</path>
         <kind>object</kind>
         <file>UsbCdc.obj</file>
         <name>UsbCdc.obj</name>
      </input_file>
      <input_file id="fl-45">
         <path>.\Trik_Devices\</path>
         <kind>object</kind>
         <file>Trik_Motor.obj</file>
         <name>Trik_Motor.obj</name>
      </input_file>
      <input_file id="fl-46">
         <path>.\Trik_Devices\</path>
         <kind>object</kind>
         <file>Trik_ProtocolHandler.obj</file>
         <name>Trik_ProtocolHandler.obj</name>
      </input_file>
      <input_file id="fl-76">
         <path>C:\TI\ccsv6\tools\compiler\msp430_4.3.3\lib\</path>
         <kind>archive</kind>
         <file>rts430x_lc_rd_eabi.lib</file>
         <name>boot.obj</name>
      </input_file>
      <input_file id="fl-77">
         <path>C:\TI\ccsv6\tools\compiler\msp430_4.3.3\lib\</path>
         <kind>archive</kind>
         <file>rts430x_lc_rd_eabi.lib</file>
         <name>copy_decompress_none.obj</name>
      </input_file>
      <input_file id="fl-78">
         <path>C:\TI\ccsv6\tools\compiler\msp430_4.3.3\lib\</path>
         <kind>archive</kind>
         <file>rts430x_lc_rd_eabi.lib</file>
         <name>copy_decompress_rle.obj</name>
      </input_file>
      <input_file id="fl-79">
         <path>C:\TI\ccsv6\tools\compiler\msp430_4.3.3\lib\</path>
         <kind>archive</kind>
         <file>rts430x_lc_rd_eabi.lib</file>
         <name>copy_zero_init.obj</name>
      </input_file>
      <input_file id="fl-7a">
         <path>C:\TI\ccsv6\tools\compiler\msp430_4.3.3\lib\</path>
         <kind>archive</kind>
         <file>rts430x_lc_rd_eabi.lib</file>
         <name>div16s.obj</name>
      </input_file>
      <input_file id="fl-7b">
         <path>C:\TI\ccsv6\tools\compiler\msp430_4.3.3\lib\</path>
         <kind>archive</kind>
         <file>rts430x_lc_rd_eabi.lib</file>
         <name>div16u.obj</name>
      </input_file>
      <input_file id="fl-7c">
         <path>C:\TI\ccsv6\tools\compiler\msp430_4.3.3\lib\</path>
         <kind>archive</kind>
         <file>rts430x_lc_rd_eabi.lib</file>
         <name>div32s.obj</name>
      </input_file>
      <input_file id="fl-7d">
         <path>C:\TI\ccsv6\tools\compiler\msp430_4.3.3\lib\</path>
         <kind>archive</kind>
         <file>rts430x_lc_rd_eabi.lib</file>
         <name>div32u.obj</name>
      </input_file>
      <input_file id="fl-7e">
         <path>C:\TI\ccsv6\tools\compiler\msp430_4.3.3\lib\</path>
         <kind>archive</kind>
         <file>rts430x_lc_rd_eabi.lib</file>
         <name>exit.obj</name>
      </input_file>
      <input_file id="fl-7f">
         <path>C:\TI\ccsv6\tools\compiler\msp430_4.3.3\lib\</path>
         <kind>archive</kind>
         <file>rts430x_lc_rd_eabi.lib</file>
         <name>int41.obj</name>
      </input_file>
      <input_file id="fl-80">
         <path>C:\TI\ccsv6\tools\compiler\msp430_4.3.3\lib\</path>
         <kind>archive</kind>
         <file>rts430x_lc_rd_eabi.lib</file>
         <name>int42.obj</name>
      </input_file>
      <input_file id="fl-81">
         <path>C:\TI\ccsv6\tools\compiler\msp430_4.3.3\lib\</path>
         <kind>archive</kind>
         <file>rts430x_lc_rd_eabi.lib</file>
         <name>int43.obj</name>
      </input_file>
      <input_file id="fl-82">
         <path>C:\TI\ccsv6\tools\compiler\msp430_4.3.3\lib\</path>
         <kind>archive</kind>
         <file>rts430x_lc_rd_eabi.lib</file>
         <name>int44.obj</name>
      </input_file>
      <input_file id="fl-83">
         <path>C:\TI\ccsv6\tools\compiler\msp430_4.3.3\lib\</path>
         <kind>archive</kind>
         <file>rts430x_lc_rd_eabi.lib</file>
         <name>int45.obj</name>
      </input_file>
      <input_file id="fl-84">
         <path>C:\TI\ccsv6\tools\compiler\msp430_4.3.3\lib\</path>
         <kind>archive</kind>
         <file>rts430x_lc_rd_eabi.lib</file>
         <name>int46.obj</name>
      </input_file>
      <input_file id="fl-85">
         <path>C:\TI\ccsv6\tools\compiler\msp430_4.3.3\lib\</path>
         <kind>archive</kind>
         <file>rts430x_lc_rd_eabi.lib</file>
         <name>int47.obj</name>
      </input_file>
      <input_file id="fl-86">
         <path>C:\TI\ccsv6\tools\compiler\msp430_4.3.3\lib\</path>
         <kind>archive</kind>
         <file>rts430x_lc_rd_eabi.lib</file>
         <name>int48.obj</name>
      </input_file>
      <input_file id="fl-87">
         <path>C:\TI\ccsv6\tools\compiler\msp430_4.3.3\lib\</path>
         <kind>archive</kind>
         <file>rts430x_lc_rd_eabi.lib</file>
         <name>int49.obj</name>
      </input_file>
      <input_file id="fl-88">
         <path>C:\TI\ccsv6\tools\compiler\msp430_4.3.3\lib\</path>
         <kind>archive</kind>
         <file>rts430x_lc_rd_eabi.lib</file>
         <name>int50.obj</name>
      </input_file>
      <input_file id="fl-89">
         <path>C:\TI\ccsv6\tools\compiler\msp430_4.3.3\lib\</path>
         <kind>archive</kind>
         <file>rts430x_lc_rd_eabi.lib</file>
         <name>int52.obj</name>
      </input_file>
      <input_file id="fl-8a">
         <path>C:\TI\ccsv6\tools\compiler\msp430_4.3.3\lib\</path>
         <kind>archive</kind>
         <file>rts430x_lc_rd_eabi.lib</file>
         <name>int53.obj</name>
      </input_file>
      <input_file id="fl-8b">
         <path>C:\TI\ccsv6\tools\compiler\msp430_4.3.3\lib\</path>
         <kind>archive</kind>
         <file>rts430x_lc_rd_eabi.lib</file>
         <name>int54.obj</name>
      </input_file>
      <input_file id="fl-8c">
         <path>C:\TI\ccsv6\tools\compiler\msp430_4.3.3\lib\</path>
         <kind>archive</kind>
         <file>rts430x_lc_rd_eabi.lib</file>
         <name>int55.obj</name>
      </input_file>
      <input_file id="fl-8d">
         <path>C:\TI\ccsv6\tools\compiler\msp430_4.3.3\lib\</path>
         <kind>archive</kind>
         <file>rts430x_lc_rd_eabi.lib</file>
         <name>int56.obj</name>
      </input_file>
      <input_file id="fl-8e">
         <path>C:\TI\ccsv6\tools\compiler\msp430_4.3.3\lib\</path>
         <kind>archive</kind>
         <file>rts430x_lc_rd_eabi.lib</file>
         <name>int57.obj</name>
      </input_file>
      <input_file id="fl-8f">
         <path>C:\TI\ccsv6\tools\compiler\msp430_4.3.3\lib\</path>
         <kind>archive</kind>
         <file>rts430x_lc_rd_eabi.lib</file>
         <name>int58.obj</name>
      </input_file>
      <input_file id="fl-90">
         <path>C:\TI\ccsv6\tools\compiler\msp430_4.3.3\lib\</path>
         <kind>archive</kind>
         <file>rts430x_lc_rd_eabi.lib</file>
         <name>int59.obj</name>
      </input_file>
      <input_file id="fl-91">
         <path>C:\TI\ccsv6\tools\compiler\msp430_4.3.3\lib\</path>
         <kind>archive</kind>
         <file>rts430x_lc_rd_eabi.lib</file>
         <name>int60.obj</name>
      </input_file>
      <input_file id="fl-92">
         <path>C:\TI\ccsv6\tools\compiler\msp430_4.3.3\lib\</path>
         <kind>archive</kind>
         <file>rts430x_lc_rd_eabi.lib</file>
         <name>int62.obj</name>
      </input_file>
      <input_file id="fl-93">
         <path>C:\TI\ccsv6\tools\compiler\msp430_4.3.3\lib\</path>
         <kind>archive</kind>
         <file>rts430x_lc_rd_eabi.lib</file>
         <name>isr_trap.obj</name>
      </input_file>
      <input_file id="fl-94">
         <path>C:\TI\ccsv6\tools\compiler\msp430_4.3.3\lib\</path>
         <kind>archive</kind>
         <file>rts430x_lc_rd_eabi.lib</file>
         <name>lsl16.obj</name>
      </input_file>
      <input_file id="fl-95">
         <path>C:\TI\ccsv6\tools\compiler\msp430_4.3.3\lib\</path>
         <kind>archive</kind>
         <file>rts430x_lc_rd_eabi.lib</file>
         <name>lsl32.obj</name>
      </input_file>
      <input_file id="fl-96">
         <path>C:\TI\ccsv6\tools\compiler\msp430_4.3.3\lib\</path>
         <kind>archive</kind>
         <file>rts430x_lc_rd_eabi.lib</file>
         <name>lsr16.obj</name>
      </input_file>
      <input_file id="fl-97">
         <path>C:\TI\ccsv6\tools\compiler\msp430_4.3.3\lib\</path>
         <kind>archive</kind>
         <file>rts430x_lc_rd_eabi.lib</file>
         <name>lsr32.obj</name>
      </input_file>
      <input_file id="fl-98">
         <path>C:\TI\ccsv6\tools\compiler\msp430_4.3.3\lib\</path>
         <kind>archive</kind>
         <file>rts430x_lc_rd_eabi.lib</file>
         <name>memcpy.obj</name>
      </input_file>
      <input_file id="fl-99">
         <path>C:\TI\ccsv6\tools\compiler\msp430_4.3.3\lib\</path>
         <kind>archive</kind>
         <file>rts430x_lc_rd_eabi.lib</file>
         <name>memset.obj</name>
      </input_file>
      <input_file id="fl-9a">
         <path>C:\TI\ccsv6\tools\compiler\msp430_4.3.3\lib\</path>
         <kind>archive</kind>
         <file>rts430x_lc_rd_eabi.lib</file>
         <name>mpu_init.obj</name>
      </input_file>
      <input_file id="fl-9b">
         <path>C:\TI\ccsv6\tools\compiler\msp430_4.3.3\lib\</path>
         <kind>archive</kind>
         <file>rts430x_lc_rd_eabi.lib</file>
         <name>mult16_f5hw.obj</name>
      </input_file>
      <input_file id="fl-9c">
         <path>C:\TI\ccsv6\tools\compiler\msp430_4.3.3\lib\</path>
         <kind>archive</kind>
         <file>rts430x_lc_rd_eabi.lib</file>
         <name>mult32_f5hw.obj</name>
      </input_file>
      <input_file id="fl-9d">
         <path>C:\TI\ccsv6\tools\compiler\msp430_4.3.3\lib\</path>
         <kind>archive</kind>
         <file>rts430x_lc_rd_eabi.lib</file>
         <name>sprintf.obj</name>
      </input_file>
      <input_file id="fl-9e">
         <path>C:\TI\ccsv6\tools\compiler\msp430_4.3.3\lib\</path>
         <kind>archive</kind>
         <file>rts430x_lc_rd_eabi.lib</file>
         <name>strlen.obj</name>
      </input_file>
      <input_file id="fl-9f">
         <path>C:\TI\ccsv6\tools\compiler\msp430_4.3.3\lib\</path>
         <kind>archive</kind>
         <file>rts430x_lc_rd_eabi.lib</file>
         <name>strncat.obj</name>
      </input_file>
      <input_file id="fl-a0">
         <path>C:\TI\ccsv6\tools\compiler\msp430_4.3.3\lib\</path>
         <kind>archive</kind>
         <file>rts430x_lc_rd_eabi.lib</file>
         <name>strncpy.obj</name>
      </input_file>
      <input_file id="fl-a1">
         <path>C:\TI\ccsv6\tools\compiler\msp430_4.3.3\lib\</path>
         <kind>archive</kind>
         <file>rts430x_lc_rd_eabi.lib</file>
         <name>strtoul.obj</name>
      </input_file>
      <input_file id="fl-a2">
         <path>C:\TI\ccsv6\tools\compiler\msp430_4.3.3\lib\</path>
         <kind>archive</kind>
         <file>rts430x_lc_rd_eabi.lib</file>
         <name>_lock.obj</name>
      </input_file>
      <input_file id="fl-a3">
         <path>C:\TI\ccsv6\tools\compiler\msp430_4.3.3\lib\</path>
         <kind>archive</kind>
         <file>rts430x_lc_rd_eabi.lib</file>
         <name>_printfi_min.obj</name>
      </input_file>
      <input_file id="fl-a4">
         <path>C:\TI\ccsv6\tools\compiler\msp430_4.3.3\lib\</path>
         <kind>archive</kind>
         <file>rts430x_lc_rd_eabi.lib</file>
         <name>args_main.obj</name>
      </input_file>
      <input_file id="fl-a5">
         <path>C:\TI\ccsv6\tools\compiler\msp430_4.3.3\lib\</path>
         <kind>archive</kind>
         <file>rts430x_lc_rd_eabi.lib</file>
         <name>autoinit.obj</name>
      </input_file>
      <input_file id="fl-a6">
         <path>C:\TI\ccsv6\tools\compiler\msp430_4.3.3\lib\</path>
         <kind>archive</kind>
         <file>rts430x_lc_rd_eabi.lib</file>
         <name>ctype.obj</name>
      </input_file>
      <input_file id="fl-a7">
         <path>C:\TI\ccsv6\tools\compiler\msp430_4.3.3\lib\</path>
         <kind>archive</kind>
         <file>rts430x_lc_rd_eabi.lib</file>
         <name>errno.obj</name>
      </input_file>
      <input_file id="fl-a8">
         <path>C:\TI\ccsv6\tools\compiler\msp430_4.3.3\lib\</path>
         <kind>archive</kind>
         <file>rts430x_lc_rd_eabi.lib</file>
         <name>memccpy.obj</name>
      </input_file>
   </input_file_list>
   <object_component_list>
      <object_component id="oc-97">
         <name>.stack</name>
         <uninitialized>true</uninitialized>
         <run_address>0x4360</run_address>
         <size>0x4</size>
         <input_file_ref idref="fl-76"/>
      </object_component>
      <object_component id="oc-722">
         <name>.stack</name>
         <uninitialized>true</uninitialized>
         <run_address>0x4360</run_address>
         <size>0x0</size>
      </object_component>
      <object_component id="oc-279">
         <name>.text:strtoul</name>
         <load_address>0x10000</load_address>
         <run_address>0x10000</run_address>
         <size>0x1cc</size>
         <input_file_ref idref="fl-a1"/>
      </object_component>
      <object_component id="oc-297">
         <name>.text:USBCDC_receiveData</name>
         <load_address>0x101cc</load_address>
         <run_address>0x101cc</run_address>
         <size>0x1bc</size>
         <input_file_ref idref="fl-44"/>
      </object_component>
      <object_component id="oc-123">
         <name>.text:PROTOCOL_hadler</name>
         <load_address>0x10388</load_address>
         <run_address>0x10388</run_address>
         <size>0x19c</size>
         <input_file_ref idref="fl-46"/>
      </object_component>
      <object_component id="oc-1d7">
         <name>.text:CdcToHostFromBuffer</name>
         <load_address>0x10524</load_address>
         <run_address>0x10524</run_address>
         <size>0x152</size>
         <input_file_ref idref="fl-44"/>
      </object_component>
      <object_component id="oc-167">
         <name>.text:HidToBufferFromHost</name>
         <load_address>0x10676</load_address>
         <run_address>0x10676</run_address>
         <size>0x140</size>
         <input_file_ref idref="fl-40"/>
      </object_component>
      <object_component id="oc-1a3">
         <name>.text:USB_reset</name>
         <load_address>0x107b6</load_address>
         <run_address>0x107b6</run_address>
         <size>0x140</size>
         <input_file_ref idref="fl-42"/>
      </object_component>
      <object_component id="oc-492">
         <name>.text:_setfield</name>
         <load_address>0x108f6</load_address>
         <run_address>0x108f6</run_address>
         <size>0x132</size>
         <input_file_ref idref="fl-a3"/>
      </object_component>
      <object_component id="oc-ac">
         <name>.text:main</name>
         <load_address>0x10a28</load_address>
         <run_address>0x10a28</run_address>
         <size>0x118</size>
         <input_file_ref idref="fl-3"/>
      </object_component>
      <object_component id="oc-1d1">
         <name>.text:HidToHostFromBuffer</name>
         <load_address>0x10b40</load_address>
         <run_address>0x10b40</run_address>
         <size>0x114</size>
         <input_file_ref idref="fl-40"/>
      </object_component>
      <object_component id="oc-183">
         <name>.text:CdcToBufferFromHost</name>
         <load_address>0x10c54</load_address>
         <run_address>0x10c54</run_address>
         <size>0x110</size>
         <input_file_ref idref="fl-44"/>
      </object_component>
      <object_component id="oc-117">
         <name>.text:retInString</name>
         <load_address>0x10d64</load_address>
         <run_address>0x10d64</run_address>
         <size>0xf4</size>
         <input_file_ref idref="fl-3"/>
      </object_component>
      <object_component id="oc-37f">
         <name>.text:UCS_initFLL</name>
         <load_address>0x10e58</load_address>
         <run_address>0x10e58</run_address>
         <size>0xe2</size>
         <input_file_ref idref="fl-27"/>
      </object_component>
      <object_component id="oc-25d">
         <name>.text:USB_enable</name>
         <load_address>0x10f3a</load_address>
         <run_address>0x10f3a</run_address>
         <size>0xd2</size>
         <input_file_ref idref="fl-42"/>
      </object_component>
      <object_component id="oc-3ba">
         <name>.text:__TI_printfi_minimal</name>
         <load_address>0x1100c</load_address>
         <run_address>0x1100c</run_address>
         <size>0xd2</size>
         <input_file_ref idref="fl-a3"/>
      </object_component>
      <object_component id="oc-38f">
         <name>.text:USB_InitSerialStringDescriptor</name>
         <load_address>0x110de</load_address>
         <run_address>0x110de</run_address>
         <size>0xd0</size>
         <input_file_ref idref="fl-42"/>
      </object_component>
      <object_component id="oc-21f">
         <name>.text:PMM_setVCoreUp</name>
         <load_address>0x111ae</load_address>
         <run_address>0x111ae</run_address>
         <size>0xce</size>
         <input_file_ref idref="fl-19"/>
      </object_component>
      <object_component id="oc-283">
         <name>.text:USBCDC_intfStatus</name>
         <load_address>0x1127c</load_address>
         <run_address>0x1127c</run_address>
         <size>0xc2</size>
         <input_file_ref idref="fl-44"/>
      </object_component>
      <object_component id="oc-102">
         <name>.text:initPorts</name>
         <load_address>0x1133e</load_address>
         <run_address>0x1133e</run_address>
         <size>0x98</size>
         <input_file_ref idref="fl-2"/>
      </object_component>
      <object_component id="oc-13b">
         <name>.text:USB_connectionState</name>
         <load_address>0x113d6</load_address>
         <run_address>0x113d6</run_address>
         <size>0x96</size>
         <input_file_ref idref="fl-42"/>
      </object_component>
      <object_component id="oc-219">
         <name>.text:PMM_setVCoreDown</name>
         <load_address>0x1146c</load_address>
         <run_address>0x1146c</run_address>
         <size>0x94</size>
         <input_file_ref idref="fl-19"/>
      </object_component>
      <object_component id="oc-22b">
         <name>.text:GPIO_setAsOutputPin</name>
         <load_address>0x11500</load_address>
         <run_address>0x11500</run_address>
         <size>0x8e</size>
         <input_file_ref idref="fl-15"/>
      </object_component>
      <object_component id="oc-39d">
         <name>.text:GPIO_setAsPeripheralModuleFunctionOutputPin</name>
         <load_address>0x1158e</load_address>
         <run_address>0x1158e</run_address>
         <size>0x8e</size>
         <input_file_ref idref="fl-15"/>
      </object_component>
      <object_component id="oc-175">
         <name>.text:USBCDC_bytesInUSBBuffer</name>
         <load_address>0x1161c</load_address>
         <run_address>0x1161c</run_address>
         <size>0x8a</size>
         <input_file_ref idref="fl-44"/>
      </object_component>
      <object_component id="oc-238">
         <name>.text:UCS_clockSignalInit</name>
         <load_address>0x116a6</load_address>
         <run_address>0x116a6</run_address>
         <size>0x88</size>
         <input_file_ref idref="fl-27"/>
      </object_component>
      <object_component id="oc-250">
         <name>.text:USB_init</name>
         <load_address>0x1172e</load_address>
         <run_address>0x1172e</run_address>
         <size>0x88</size>
         <input_file_ref idref="fl-42"/>
      </object_component>
      <object_component id="oc-2a4">
         <name>.text:usbDecodeAndProcessUsbRequest</name>
         <load_address>0x117b6</load_address>
         <run_address>0x117b6</run_address>
         <size>0x7c</size>
         <input_file_ref idref="fl-42"/>
      </object_component>
      <object_component id="oc-289">
         <name>.text:USBCDC_sendData</name>
         <load_address>0x11832</load_address>
         <run_address>0x11832</run_address>
         <size>0x7a</size>
         <input_file_ref idref="fl-44"/>
      </object_component>
      <object_component id="oc-320">
         <name>.text:USB_determineFreq</name>
         <load_address>0x118ac</load_address>
         <run_address>0x118ac</run_address>
         <size>0x7a</size>
         <input_file_ref idref="fl-42"/>
      </object_component>
      <object_component id="oc-360">
         <name>.text:usbSendNextPacketOnIEP0</name>
         <load_address>0x11926</load_address>
         <run_address>0x11926</run_address>
         <size>0x74</size>
         <input_file_ref idref="fl-42"/>
      </object_component>
      <object_component id="oc-2cf">
         <name>.text:HidCopyUsbToBuff</name>
         <load_address>0x1199a</load_address>
         <run_address>0x1199a</run_address>
         <size>0x72</size>
         <input_file_ref idref="fl-40"/>
      </object_component>
      <object_component id="oc-231">
         <name>.text:GPIO_setOutputLowOnPin</name>
         <load_address>0x11a0c</load_address>
         <run_address>0x11a0c</run_address>
         <size>0x70</size>
         <input_file_ref idref="fl-15"/>
      </object_component>
      <object_component id="oc-2f3">
         <name>.text:CopyUsbToBuff</name>
         <load_address>0x11a7c</load_address>
         <run_address>0x11a7c</run_address>
         <size>0x6e</size>
         <input_file_ref idref="fl-44"/>
      </object_component>
      <object_component id="oc-1b0">
         <name>.text:PWRVBUSoffHandler</name>
         <load_address>0x11aea</load_address>
         <run_address>0x11aea</run_address>
         <size>0x6e</size>
         <input_file_ref idref="fl-38"/>
      </object_component>
      <object_component id="oc-a6">
         <name>.text:_auto_init_hold_wdt</name>
         <load_address>0x11b58</load_address>
         <run_address>0x11b58</run_address>
         <size>0x6e</size>
         <input_file_ref idref="fl-a5"/>
      </object_component>
      <object_component id="oc-12f">
         <name>.text:cdcSendDataInBackground</name>
         <load_address>0x11bc6</load_address>
         <run_address>0x11bc6</run_address>
         <size>0x6e</size>
         <input_file_ref idref="fl-3a"/>
      </object_component>
      <object_component id="oc-47d">
         <name>.text:DMA_init</name>
         <load_address>0x11c34</load_address>
         <run_address>0x11c34</run_address>
         <size>0x6a</size>
         <input_file_ref idref="fl-c"/>
      </object_component>
      <object_component id="oc-534">
         <name>.text:usbGetEndpointStatus</name>
         <load_address>0x11c9e</load_address>
         <run_address>0x11c9e</run_address>
         <size>0x6a</size>
         <input_file_ref idref="fl-42"/>
      </object_component>
      <object_component id="oc-483">
         <name>.text:memcpyDMA</name>
         <load_address>0x11d08</load_address>
         <run_address>0x11d08</run_address>
         <size>0x64</size>
         <input_file_ref idref="fl-43"/>
      </object_component>
      <object_component id="oc-d9">
         <name>.text:__TI_decompress_rle_core</name>
         <load_address>0x11d6c</load_address>
         <run_address>0x11d6c</run_address>
         <size>0x62</size>
         <input_file_ref idref="fl-78"/>
      </object_component>
      <object_component id="oc-373">
         <name>.text:privateGPIOGetBaseAddress</name>
         <load_address>0x11dce</load_address>
         <run_address>0x11dce</run_address>
         <size>0x60</size>
         <input_file_ref idref="fl-15"/>
      </object_component>
      <object_component id="oc-352">
         <name>.text:Handler_SetLineCoding</name>
         <load_address>0x11e2e</load_address>
         <run_address>0x11e2e</run_address>
         <size>0x5e</size>
         <input_file_ref idref="fl-44"/>
      </object_component>
      <object_component id="oc-1bd">
         <name>.text:PWRVBUSonHandler</name>
         <load_address>0x11e8c</load_address>
         <run_address>0x11e8c</run_address>
         <size>0x5c</size>
         <input_file_ref idref="fl-38"/>
      </object_component>
      <object_component id="oc-4bc">
         <name>.text:usbGetLineCoding</name>
         <load_address>0x11ee8</load_address>
         <run_address>0x11ee8</run_address>
         <size>0x5c</size>
         <input_file_ref idref="fl-44"/>
      </object_component>
      <object_component id="oc-66f">
         <name>.text:_ltostr</name>
         <load_address>0x11f44</load_address>
         <run_address>0x11f44</run_address>
         <size>0x5a</size>
         <input_file_ref idref="fl-a3"/>
      </object_component>
      <object_component id="oc-23e">
         <name>.text</name>
         <load_address>0x11f9e</load_address>
         <run_address>0x11f9e</run_address>
         <size>0x58</size>
         <input_file_ref idref="fl-7d"/>
      </object_component>
      <object_component id="oc-51c">
         <name>.text:usbGetStringDescriptor</name>
         <load_address>0x11ff6</load_address>
         <run_address>0x11ff6</run_address>
         <size>0x52</size>
         <input_file_ref idref="fl-42"/>
      </object_component>
      <object_component id="oc-54c">
         <name>.text:usbSetEndpointFeature</name>
         <load_address>0x12048</load_address>
         <run_address>0x12048</run_address>
         <size>0x52</size>
         <input_file_ref idref="fl-42"/>
      </object_component>
      <object_component id="oc-1dd">
         <name>.text:OEP0InterruptHandler</name>
         <load_address>0x1209a</load_address>
         <run_address>0x1209a</run_address>
         <size>0x4e</size>
         <input_file_ref idref="fl-38"/>
      </object_component>
      <object_component id="oc-469">
         <name>.text:TLV_getInfo</name>
         <load_address>0x120e8</load_address>
         <run_address>0x120e8</run_address>
         <size>0x4c</size>
         <input_file_ref idref="fl-26"/>
      </object_component>
      <object_component id="oc-5a6">
         <name>.text:_pproc_diouxp</name>
         <load_address>0x12134</load_address>
         <run_address>0x12134</run_address>
         <size>0x4c</size>
         <input_file_ref idref="fl-a3"/>
      </object_component>
      <object_component id="oc-141">
         <name>.text:cdcReceiveDataInBuffer</name>
         <load_address>0x12180</load_address>
         <run_address>0x12180</run_address>
         <size>0x4c</size>
         <input_file_ref idref="fl-3a"/>
      </object_component>
      <object_component id="oc-fc">
         <name>.text:PMM_setVCore</name>
         <load_address>0x121cc</load_address>
         <run_address>0x121cc</run_address>
         <size>0x4a</size>
         <input_file_ref idref="fl-19"/>
      </object_component>
      <object_component id="oc-10e">
         <name>.text:USB_setup</name>
         <load_address>0x12216</load_address>
         <run_address>0x12216</run_address>
         <size>0x4a</size>
         <input_file_ref idref="fl-42"/>
      </object_component>
      <object_component id="oc-152">
         <name>.text:SetupPacketInterruptHandler</name>
         <load_address>0x12260</load_address>
         <run_address>0x12260</run_address>
         <size>0x48</size>
         <input_file_ref idref="fl-38"/>
      </object_component>
      <object_component id="oc-498">
         <name>.text:_pproc_str</name>
         <load_address>0x122a8</load_address>
         <run_address>0x122a8</run_address>
         <size>0x48</size>
         <input_file_ref idref="fl-a3"/>
      </object_component>
      <object_component id="oc-34b">
         <name>.text:usbReceiveNextPacketOnOEP0</name>
         <load_address>0x122f0</load_address>
         <run_address>0x122f0</run_address>
         <size>0x48</size>
         <input_file_ref idref="fl-42"/>
      </object_component>
      <object_component id="oc-504">
         <name>.text:usbClearEndpointFeature</name>
         <load_address>0x12338</load_address>
         <run_address>0x12338</run_address>
         <size>0x46</size>
         <input_file_ref idref="fl-42"/>
      </object_component>
      <object_component id="oc-273">
         <name>.text:sprintf</name>
         <load_address>0x1237e</load_address>
         <run_address>0x1237e</run_address>
         <size>0x44</size>
         <input_file_ref idref="fl-9d"/>
      </object_component>
      <object_component id="oc-318">
         <name>.text:CdcResetData</name>
         <load_address>0x123c2</load_address>
         <run_address>0x123c2</run_address>
         <size>0x40</size>
         <input_file_ref idref="fl-44"/>
      </object_component>
      <object_component id="oc-3a3">
         <name>.text:UCS_XT2StartWithTimeout</name>
         <load_address>0x12402</load_address>
         <run_address>0x12402</run_address>
         <size>0x40</size>
         <input_file_ref idref="fl-27"/>
      </object_component>
      <object_component id="oc-395">
         <name>.text:USB_initMemcpy</name>
         <load_address>0x12442</load_address>
         <run_address>0x12442</run_address>
         <size>0x40</size>
         <input_file_ref idref="fl-43"/>
      </object_component>
      <object_component id="oc-669">
         <name>.text:_getarg_diouxp</name>
         <load_address>0x12482</load_address>
         <run_address>0x12482</run_address>
         <size>0x3e</size>
         <input_file_ref idref="fl-a3"/>
      </object_component>
      <object_component id="oc-108">
         <name>.text:initClocks</name>
         <load_address>0x124c0</load_address>
         <run_address>0x124c0</run_address>
         <size>0x3e</size>
         <input_file_ref idref="fl-2"/>
      </object_component>
      <object_component id="oc-439">
         <name>.text:l_lsl_const</name>
         <load_address>0x124fe</load_address>
         <run_address>0x124fe</run_address>
         <size>0x3e</size>
         <input_file_ref idref="fl-95"/>
      </object_component>
      <object_component id="oc-243">
         <name>.text:l_lsr_const</name>
         <load_address>0x1253c</load_address>
         <run_address>0x1253c</run_address>
         <size>0x3e</size>
         <input_file_ref idref="fl-97"/>
      </object_component>
      <object_component id="oc-53a">
         <name>.text:usbSetAddress</name>
         <load_address>0x1257a</load_address>
         <run_address>0x1257a</run_address>
         <size>0x34</size>
         <input_file_ref idref="fl-42"/>
      </object_component>
      <object_component id="oc-312">
         <name>.text:HidResetData</name>
         <load_address>0x125ae</load_address>
         <run_address>0x125ae</run_address>
         <size>0x32</size>
         <input_file_ref idref="fl-40"/>
      </object_component>
      <object_component id="oc-248">
         <name>.text:UCS_initFLLSettle</name>
         <load_address>0x125e0</load_address>
         <run_address>0x125e0</run_address>
         <size>0x32</size>
         <input_file_ref idref="fl-27"/>
      </object_component>
      <object_component id="oc-257">
         <name>.text:USB_connectionInfo</name>
         <load_address>0x12612</load_address>
         <run_address>0x12612</run_address>
         <size>0x32</size>
         <input_file_ref idref="fl-42"/>
      </object_component>
      <object_component id="oc-267">
         <name>.text:strncpy</name>
         <load_address>0x12644</load_address>
         <run_address>0x12644</run_address>
         <size>0x32</size>
         <input_file_ref idref="fl-a0"/>
      </object_component>
      <object_component id="oc-196">
         <name>.text:USB_suspend</name>
         <load_address>0x12676</load_address>
         <run_address>0x12676</run_address>
         <size>0x30</size>
         <input_file_ref idref="fl-42"/>
      </object_component>
      <object_component id="oc-14a">
         <name>.text:strncat</name>
         <load_address>0x126a6</load_address>
         <run_address>0x126a6</run_address>
         <size>0x2e</size>
         <input_file_ref idref="fl-9f"/>
      </object_component>
      <object_component id="oc-540">
         <name>.text:usbSetConfiguration</name>
         <load_address>0x126d4</load_address>
         <run_address>0x126d4</run_address>
         <size>0x2e</size>
         <input_file_ref idref="fl-42"/>
      </object_component>
      <object_component id="oc-528">
         <name>.text:usbGetDeviceStatus</name>
         <load_address>0x12702</load_address>
         <run_address>0x12702</run_address>
         <size>0x2c</size>
         <input_file_ref idref="fl-42"/>
      </object_component>
      <object_component id="oc-4e0">
         <name>.text:usbGetHidDescriptor</name>
         <load_address>0x1272e</load_address>
         <run_address>0x1272e</run_address>
         <size>0x2a</size>
         <input_file_ref idref="fl-41"/>
      </object_component>
      <object_component id="oc-4d4">
         <name>.text:usbSetReport</name>
         <load_address>0x12758</load_address>
         <run_address>0x12758</run_address>
         <size>0x2a</size>
         <input_file_ref idref="fl-41"/>
      </object_component>
      <object_component id="oc-57a">
         <name>.text:DMA_setDstAddress</name>
         <load_address>0x12782</load_address>
         <run_address>0x12782</run_address>
         <size>0x28</size>
         <input_file_ref idref="fl-c"/>
      </object_component>
      <object_component id="oc-574">
         <name>.text:DMA_setSrcAddress</name>
         <load_address>0x127aa</load_address>
         <run_address>0x127aa</run_address>
         <size>0x26</size>
         <input_file_ref idref="fl-c"/>
      </object_component>
      <object_component id="oc-4ce">
         <name>.text:usbGetReport</name>
         <load_address>0x127d0</load_address>
         <run_address>0x127d0</run_address>
         <size>0x26</size>
         <input_file_ref idref="fl-41"/>
      </object_component>
      <object_component id="oc-8b">
         <name>.text:decompress:ZI:__TI_zero_init</name>
         <load_address>0x127f6</load_address>
         <run_address>0x127f6</run_address>
         <size>0x24</size>
         <input_file_ref idref="fl-79"/>
      </object_component>
      <object_component id="oc-4fe">
         <name>.text:usbClearDeviceFeature</name>
         <load_address>0x1281a</load_address>
         <run_address>0x1281a</run_address>
         <size>0x24</size>
         <input_file_ref idref="fl-42"/>
      </object_component>
      <object_component id="oc-546">
         <name>.text:usbSetDeviceFeature</name>
         <load_address>0x1283e</load_address>
         <run_address>0x1283e</run_address>
         <size>0x24</size>
         <input_file_ref idref="fl-42"/>
      </object_component>
      <object_component id="oc-4f8">
         <name>.text:usbSetProtocol</name>
         <load_address>0x12862</load_address>
         <run_address>0x12862</run_address>
         <size>0x24</size>
         <input_file_ref idref="fl-41"/>
      </object_component>
      <object_component id="oc-1ea">
         <name>.text:USB_disable</name>
         <load_address>0x12886</load_address>
         <run_address>0x12886</run_address>
         <size>0x22</size>
         <input_file_ref idref="fl-42"/>
      </object_component>
      <object_component id="oc-3c5">
         <name>.text</name>
         <load_address>0x128a8</load_address>
         <run_address>0x128a8</run_address>
         <size>0x22</size>
         <input_file_ref idref="fl-9c"/>
      </object_component>
      <object_component id="oc-4e6">
         <name>.text:usbGetIdle</name>
         <load_address>0x128ca</load_address>
         <run_address>0x128ca</run_address>
         <size>0x22</size>
         <input_file_ref idref="fl-41"/>
      </object_component>
      <object_component id="oc-4da">
         <name>.text:usbGetReportDescriptor</name>
         <load_address>0x128ec</load_address>
         <run_address>0x128ec</run_address>
         <size>0x22</size>
         <input_file_ref idref="fl-41"/>
      </object_component>
      <object_component id="oc-3ae">
         <name>.text:_outs</name>
         <load_address>0x1290e</load_address>
         <run_address>0x1290e</run_address>
         <size>0x20</size>
         <input_file_ref idref="fl-9d"/>
      </object_component>
      <object_component id="oc-5ac">
         <name>.text:memccpy</name>
         <load_address>0x1292e</load_address>
         <run_address>0x1292e</run_address>
         <size>0x20</size>
         <input_file_ref idref="fl-a8"/>
      </object_component>
      <object_component id="oc-5c7">
         <name>.text:usbSendDataPacketOnEP0</name>
         <load_address>0x1294e</load_address>
         <run_address>0x1294e</run_address>
         <size>0x20</size>
         <input_file_ref idref="fl-42"/>
      </object_component>
      <object_component id="oc-4ec">
         <name>.text:usbSetIdle</name>
         <load_address>0x1296e</load_address>
         <run_address>0x1296e</run_address>
         <size>0x20</size>
         <input_file_ref idref="fl-41"/>
      </object_component>
      <object_component id="oc-158">
         <name>.text:HidIsReceiveInProgress</name>
         <load_address>0x1298e</load_address>
         <run_address>0x1298e</run_address>
         <size>0x1e</size>
         <input_file_ref idref="fl-40"/>
      </object_component>
      <object_component id="oc-522">
         <name>.text:usbGetInterface</name>
         <load_address>0x129ac</load_address>
         <run_address>0x129ac</run_address>
         <size>0x1e</size>
         <input_file_ref idref="fl-42"/>
      </object_component>
      <object_component id="oc-52e">
         <name>.text:usbGetInterfaceStatus</name>
         <load_address>0x129ca</load_address>
         <run_address>0x129ca</run_address>
         <size>0x1e</size>
         <input_file_ref idref="fl-42"/>
      </object_component>
      <object_component id="oc-1e3">
         <name>.text:IEP0InterruptHandler</name>
         <load_address>0x129e8</load_address>
         <run_address>0x129e8</run_address>
         <size>0x1c</size>
         <input_file_ref idref="fl-38"/>
      </object_component>
      <object_component id="oc-475">
         <name>.text:memcpyV</name>
         <load_address>0x12a04</load_address>
         <run_address>0x12a04</run_address>
         <size>0x1c</size>
         <input_file_ref idref="fl-43"/>
      </object_component>
      <object_component id="oc-16f">
         <name>.text:CdcIsReceiveInProgress</name>
         <load_address>0x12a20</load_address>
         <run_address>0x12a20</run_address>
         <size>0x1a</size>
         <input_file_ref idref="fl-44"/>
      </object_component>
      <object_component id="oc-32a">
         <name>.text:USB_connect</name>
         <load_address>0x12a3a</load_address>
         <run_address>0x12a3a</run_address>
         <size>0x1a</size>
         <input_file_ref idref="fl-42"/>
      </object_component>
      <object_component id="oc-6a1">
         <name>.text:_div</name>
         <load_address>0x12a54</load_address>
         <run_address>0x12a54</run_address>
         <size>0x1a</size>
         <input_file_ref idref="fl-a3"/>
      </object_component>
      <object_component id="oc-3d3">
         <name>.text:usbDisableInEndpointInterrupt</name>
         <load_address>0x12a6e</load_address>
         <run_address>0x12a6e</run_address>
         <size>0x1a</size>
         <input_file_ref idref="fl-42"/>
      </object_component>
      <object_component id="oc-2e2">
         <name>.text:usbDisableOutEndpointInterrupt</name>
         <load_address>0x12a88</load_address>
         <run_address>0x12a88</run_address>
         <size>0x1a</size>
         <input_file_ref idref="fl-42"/>
      </object_component>
      <object_component id="oc-552">
         <name>.text:usbSetInterface</name>
         <load_address>0x12aa2</load_address>
         <run_address>0x12aa2</run_address>
         <size>0x1a</size>
         <input_file_ref idref="fl-42"/>
      </object_component>
      <object_component id="oc-189">
         <name>.text:USB_resume</name>
         <load_address>0x12abc</load_address>
         <run_address>0x12abc</run_address>
         <size>0x18</size>
         <input_file_ref idref="fl-42"/>
      </object_component>
      <object_component id="oc-17d">
         <name>.text:USBCDC_handleDataReceived</name>
         <load_address>0x12ad4</load_address>
         <run_address>0x12ad4</run_address>
         <size>0x16</size>
         <input_file_ref idref="fl-3b"/>
      </object_component>
      <object_component id="oc-f6">
         <name>.text:WDT_A_hold</name>
         <load_address>0x12aea</load_address>
         <run_address>0x12aea</run_address>
         <size>0x16</size>
         <input_file_ref idref="fl-2f"/>
      </object_component>
      <object_component id="oc-135">
         <name>.text:memset</name>
         <load_address>0x12b00</load_address>
         <run_address>0x12b00</run_address>
         <size>0x16</size>
         <input_file_ref idref="fl-99"/>
      </object_component>
      <object_component id="oc-6b0">
         <name>.text</name>
         <load_address>0x12b16</load_address>
         <run_address>0x12b16</run_address>
         <size>0x16</size>
         <input_file_ref idref="fl-7b"/>
      </object_component>
      <object_component id="oc-2ab">
         <name>.text</name>
         <load_address>0x12b2c</load_address>
         <run_address>0x12b2c</run_address>
         <size>0x16</size>
         <input_file_ref idref="fl-9b"/>
      </object_component>
      <object_component id="oc-516">
         <name>.text:usbGetConfigurationDescriptor</name>
         <load_address>0x12b42</load_address>
         <run_address>0x12b42</run_address>
         <size>0x16</size>
         <input_file_ref idref="fl-42"/>
      </object_component>
      <object_component id="oc-510">
         <name>.text:usbGetDeviceDescriptor</name>
         <load_address>0x12b58</load_address>
         <run_address>0x12b58</run_address>
         <size>0x16</size>
         <input_file_ref idref="fl-42"/>
      </object_component>
      <object_component id="oc-4f2">
         <name>.text:usbGetProtocol</name>
         <load_address>0x12b6e</load_address>
         <run_address>0x12b6e</run_address>
         <size>0x16</size>
         <input_file_ref idref="fl-41"/>
      </object_component>
      <object_component id="oc-1c4">
         <name>.text:USB_handleVbusOnEvent</name>
         <load_address>0x12b84</load_address>
         <run_address>0x12b84</run_address>
         <size>0x14</size>
         <input_file_ref idref="fl-3b"/>
      </object_component>
      <object_component id="oc-3b4">
         <name>.text:_outc</name>
         <load_address>0x12b98</load_address>
         <run_address>0x12b98</run_address>
         <size>0x14</size>
         <input_file_ref idref="fl-9d"/>
      </object_component>
      <object_component id="oc-c5">
         <name>.text:memcpy</name>
         <load_address>0x12bac</load_address>
         <run_address>0x12bac</run_address>
         <size>0x14</size>
         <input_file_ref idref="fl-98"/>
      </object_component>
      <object_component id="oc-50a">
         <name>.text:usbGetConfiguration</name>
         <load_address>0x12bc0</load_address>
         <run_address>0x12bc0</run_address>
         <size>0x14</size>
         <input_file_ref idref="fl-42"/>
      </object_component>
      <object_component id="oc-5cf">
         <name>.text:usbReceiveDataPacketOnEP0</name>
         <load_address>0x12bd4</load_address>
         <run_address>0x12bd4</run_address>
         <size>0x14</size>
         <input_file_ref idref="fl-42"/>
      </object_component>
      <object_component id="oc-4c8">
         <name>.text:usbSetControlLineState</name>
         <load_address>0x12be8</load_address>
         <run_address>0x12be8</run_address>
         <size>0x14</size>
         <input_file_ref idref="fl-44"/>
      </object_component>
      <object_component id="oc-85">
         <name>.text:decompress:none:__TI_decompress_none</name>
         <load_address>0x12bfc</load_address>
         <run_address>0x12bfc</run_address>
         <size>0x12</size>
         <input_file_ref idref="fl-77"/>
      </object_component>
      <object_component id="oc-558">
         <name>.text:usbInvalidRequest</name>
         <load_address>0x12c0e</load_address>
         <run_address>0x12c0e</run_address>
         <size>0x12</size>
         <input_file_ref idref="fl-42"/>
      </object_component>
      <object_component id="oc-59e">
         <name>.text:DMA_disableTransfers</name>
         <load_address>0x12c20</load_address>
         <run_address>0x12c20</run_address>
         <size>0x10</size>
         <input_file_ref idref="fl-c"/>
      </object_component>
      <object_component id="oc-58c">
         <name>.text:DMA_enableTransfers</name>
         <load_address>0x12c30</load_address>
         <run_address>0x12c30</run_address>
         <size>0x10</size>
         <input_file_ref idref="fl-c"/>
      </object_component>
      <object_component id="oc-598">
         <name>.text:DMA_getInterruptStatus</name>
         <load_address>0x12c40</load_address>
         <run_address>0x12c40</run_address>
         <size>0xe</size>
         <input_file_ref idref="fl-c"/>
      </object_component>
      <object_component id="oc-592">
         <name>.text:DMA_startTransfer</name>
         <load_address>0x12c4e</load_address>
         <run_address>0x12c4e</run_address>
         <size>0xe</size>
         <input_file_ref idref="fl-c"/>
      </object_component>
      <object_component id="oc-129">
         <name>.text:strlen</name>
         <load_address>0x12c5c</load_address>
         <run_address>0x12c5c</run_address>
         <size>0xe</size>
         <input_file_ref idref="fl-9e"/>
      </object_component>
      <object_component id="oc-5dc">
         <name>.text:usbSendZeroLengthPacketOnIEP0</name>
         <load_address>0x12c6a</load_address>
         <run_address>0x12c6a</run_address>
         <size>0xe</size>
         <input_file_ref idref="fl-42"/>
      </object_component>
      <object_component id="oc-586">
         <name>.text:DMA_setTransferSize</name>
         <load_address>0x12c78</load_address>
         <run_address>0x12c78</run_address>
         <size>0xc</size>
         <input_file_ref idref="fl-c"/>
      </object_component>
      <object_component id="oc-4c2">
         <name>.text:usbSetLineCoding</name>
         <load_address>0x12c84</load_address>
         <run_address>0x12c84</run_address>
         <size>0xc</size>
         <input_file_ref idref="fl-44"/>
      </object_component>
      <object_component id="oc-a0">
         <name>.text:_system_pre_init</name>
         <load_address>0x12c90</load_address>
         <run_address>0x12c90</run_address>
         <size>0xa</size>
         <input_file_ref idref="fl-4"/>
      </object_component>
      <object_component id="oc-3e3">
         <name>.text</name>
         <load_address>0x12c9a</load_address>
         <run_address>0x12c9a</run_address>
         <size>0xa</size>
         <input_file_ref idref="fl-94"/>
      </object_component>
      <object_component id="oc-424">
         <name>.text</name>
         <load_address>0x12ca4</load_address>
         <run_address>0x12ca4</run_address>
         <size>0xa</size>
         <input_file_ref idref="fl-96"/>
      </object_component>
      <object_component id="oc-304">
         <name>.text:UCS_XT2Off</name>
         <load_address>0x12cae</load_address>
         <run_address>0x12cae</run_address>
         <size>0x8</size>
         <input_file_ref idref="fl-27"/>
      </object_component>
      <object_component id="oc-1b7">
         <name>.text:USB_handleVbusOffEvent</name>
         <load_address>0x12cb6</load_address>
         <run_address>0x12cb6</run_address>
         <size>0x8</size>
         <input_file_ref idref="fl-3b"/>
      </object_component>
      <object_component id="oc-56e">
         <name>.text:DMA_disableTransferDuringReadModifyWrite</name>
         <load_address>0x12cbe</load_address>
         <run_address>0x12cbe</run_address>
         <size>0x6</size>
         <input_file_ref idref="fl-c"/>
      </object_component>
      <object_component id="oc-580">
         <name>.text:DMA_enableTransferDuringReadModifyWrite</name>
         <load_address>0x12cc4</load_address>
         <run_address>0x12cc4</run_address>
         <size>0x6</size>
         <input_file_ref idref="fl-c"/>
      </object_component>
      <object_component id="oc-1f6">
         <name>.text:SFR_clearInterrupt</name>
         <load_address>0x12cca</load_address>
         <run_address>0x12cca</run_address>
         <size>0x6</size>
         <input_file_ref idref="fl-20"/>
      </object_component>
      <object_component id="oc-1f0">
         <name>.text:UCS_clearFaultFlag</name>
         <load_address>0x12cd0</load_address>
         <run_address>0x12cd0</run_address>
         <size>0x6</size>
         <input_file_ref idref="fl-27"/>
      </object_component>
      <object_component id="oc-388">
         <name>.text:USB_getVersion</name>
         <load_address>0x12cd6</load_address>
         <run_address>0x12cd6</run_address>
         <size>0x6</size>
         <input_file_ref idref="fl-42"/>
      </object_component>
      <object_component id="oc-9b">
         <name>.text:__TI_ISR_TRAP</name>
         <load_address>0x12cdc</load_address>
         <run_address>0x12cdc</run_address>
         <size>0x6</size>
         <input_file_ref idref="fl-93"/>
      </object_component>
      <object_component id="oc-91">
         <name>.text:decompress:rle24:__TI_decompress_rle24</name>
         <load_address>0x12ce2</load_address>
         <run_address>0x12ce2</run_address>
         <size>0x6</size>
         <input_file_ref idref="fl-78"/>
      </object_component>
      <object_component id="oc-5fb">
         <name>.text:usbClearOEP0ByteCount</name>
         <load_address>0x12ce8</load_address>
         <run_address>0x12ce8</run_address>
         <size>0x6</size>
         <input_file_ref idref="fl-42"/>
      </object_component>
      <object_component id="oc-3db">
         <name>.text:usbRestoreInEndpointInterrupt</name>
         <load_address>0x12cee</load_address>
         <run_address>0x12cee</run_address>
         <size>0x6</size>
         <input_file_ref idref="fl-42"/>
      </object_component>
      <object_component id="oc-2e9">
         <name>.text:usbRestoreOutEndpointInterrupt</name>
         <load_address>0x12cf4</load_address>
         <run_address>0x12cf4</run_address>
         <size>0x6</size>
         <input_file_ref idref="fl-42"/>
      </object_component>
      <object_component id="oc-2fa">
         <name>.text:USBCDC_handleReceiveCompleted</name>
         <load_address>0x12cfa</load_address>
         <run_address>0x12cfa</run_address>
         <size>0x4</size>
         <input_file_ref idref="fl-3b"/>
      </object_component>
      <object_component id="oc-341">
         <name>.text:USBCDC_handleSendCompleted</name>
         <load_address>0x12cfe</load_address>
         <run_address>0x12cfe</run_address>
         <size>0x4</size>
         <input_file_ref idref="fl-3b"/>
      </object_component>
      <object_component id="oc-5d6">
         <name>.text:USBCDC_handleSetControlLineState</name>
         <load_address>0x12d02</load_address>
         <run_address>0x12d02</run_address>
         <size>0x4</size>
         <input_file_ref idref="fl-3b"/>
      </object_component>
      <object_component id="oc-445">
         <name>.text:USBCDC_handleSetLineCoding</name>
         <load_address>0x12d06</load_address>
         <run_address>0x12d06</run_address>
         <size>0x4</size>
         <input_file_ref idref="fl-3b"/>
      </object_component>
      <object_component id="oc-60c">
         <name>.text:USBHID_handleBootProtocol</name>
         <load_address>0x12d0a</load_address>
         <run_address>0x12d0a</run_address>
         <size>0x4</size>
         <input_file_ref idref="fl-3b"/>
      </object_component>
      <object_component id="oc-161">
         <name>.text:USBHID_handleDataReceived</name>
         <load_address>0x12d0e</load_address>
         <run_address>0x12d0e</run_address>
         <size>0x4</size>
         <input_file_ref idref="fl-3b"/>
      </object_component>
      <object_component id="oc-5e3">
         <name>.text:USBHID_handleEP0GetReport</name>
         <load_address>0x12d12</load_address>
         <run_address>0x12d12</run_address>
         <size>0x4</size>
         <input_file_ref idref="fl-3b"/>
      </object_component>
      <object_component id="oc-5eb">
         <name>.text:USBHID_handleEP0SetReport</name>
         <load_address>0x12d16</load_address>
         <run_address>0x12d16</run_address>
         <size>0x4</size>
         <input_file_ref idref="fl-3b"/>
      </object_component>
      <object_component id="oc-358">
         <name>.text:USBHID_handleEP0SetReportDataAvailable</name>
         <load_address>0x12d1a</load_address>
         <run_address>0x12d1a</run_address>
         <size>0x4</size>
         <input_file_ref idref="fl-3b"/>
      </object_component>
      <object_component id="oc-2d6">
         <name>.text:USBHID_handleReceiveCompleted</name>
         <load_address>0x12d1e</load_address>
         <run_address>0x12d1e</run_address>
         <size>0x4</size>
         <input_file_ref idref="fl-3b"/>
      </object_component>
      <object_component id="oc-334">
         <name>.text:USBHID_handleSendCompleted</name>
         <load_address>0x12d22</load_address>
         <run_address>0x12d22</run_address>
         <size>0x4</size>
         <input_file_ref idref="fl-3b"/>
      </object_component>
      <object_component id="oc-1cb">
         <name>.text:USB_handleClockEvent</name>
         <load_address>0x12d26</load_address>
         <run_address>0x12d26</run_address>
         <size>0x4</size>
         <input_file_ref idref="fl-3b"/>
      </object_component>
      <object_component id="oc-649">
         <name>.text:USB_handleEnumCompleteEvent</name>
         <load_address>0x12d2a</load_address>
         <run_address>0x12d2a</run_address>
         <size>0x4</size>
         <input_file_ref idref="fl-3b"/>
      </object_component>
      <object_component id="oc-1aa">
         <name>.text:USB_handleResetEvent</name>
         <load_address>0x12d2e</load_address>
         <run_address>0x12d2e</run_address>
         <size>0x4</size>
         <input_file_ref idref="fl-3b"/>
      </object_component>
      <object_component id="oc-190">
         <name>.text:USB_handleResumeEvent</name>
         <load_address>0x12d32</load_address>
         <run_address>0x12d32</run_address>
         <size>0x4</size>
         <input_file_ref idref="fl-3b"/>
      </object_component>
      <object_component id="oc-19d">
         <name>.text:USB_handleSuspendEvent</name>
         <load_address>0x12d36</load_address>
         <run_address>0x12d36</run_address>
         <size>0x4</size>
         <input_file_ref idref="fl-3b"/>
      </object_component>
      <object_component id="oc-b2">
         <name>.text:abort</name>
         <load_address>0x12d3a</load_address>
         <run_address>0x12d3a</run_address>
         <size>0x4</size>
         <input_file_ref idref="fl-7e"/>
      </object_component>
      <object_component id="oc-b9">
         <name>.text:_isr:iUsbInterruptHandler</name>
         <load_address>0x4400</load_address>
         <run_address>0x4400</run_address>
         <size>0x1f4</size>
         <input_file_ref idref="fl-38"/>
      </object_component>
      <object_component id="oc-bf">
         <name>.text:_isr:UNMI_ISR</name>
         <load_address>0x45f4</load_address>
         <run_address>0x45f4</run_address>
         <size>0x3e</size>
         <input_file_ref idref="fl-3"/>
      </object_component>
      <object_component id="oc-72">
         <name>.text:_isr:_c_int00_noexit</name>
         <load_address>0x4632</load_address>
         <run_address>0x4632</run_address>
         <size>0x1a</size>
         <input_file_ref idref="fl-76"/>
      </object_component>
      <object_component id="oc-721">
         <name>.cinit..data.load</name>
         <load_address>0x4caa</load_address>
         <run_address>0x4caa</run_address>
         <size>0x1b</size>
      </object_component>
      <object_component id="oc-71e">
         <name>__TI_handler_table</name>
         <load_address>0x4cc6</load_address>
         <run_address>0x4cc6</run_address>
         <size>0xc</size>
      </object_component>
      <object_component id="oc-720">
         <name>.cinit..bss.load</name>
         <load_address>0x4cd2</load_address>
         <run_address>0x4cd2</run_address>
         <size>0x6</size>
      </object_component>
      <object_component id="oc-71f">
         <name>__TI_cinit_table</name>
         <load_address>0x4cd8</load_address>
         <run_address>0x4cd8</run_address>
         <size>0x10</size>
      </object_component>
      <object_component id="oc-3f5">
         <name>.const:tUsbRequestList</name>
         <load_address>0x464c</load_address>
         <run_address>0x464c</run_address>
         <size>0x214</size>
         <input_file_ref idref="fl-39"/>
      </object_component>
      <object_component id="oc-624">
         <name>.const:.string:abromStringDescriptor</name>
         <load_address>0x4860</load_address>
         <run_address>0x4860</run_address>
         <size>0x118</size>
         <input_file_ref idref="fl-39"/>
      </object_component>
      <object_component id="oc-3c2">
         <name>.const:.string:_ctypes_</name>
         <load_address>0x4978</load_address>
         <run_address>0x4978</run_address>
         <size>0x101</size>
         <input_file_ref idref="fl-a6"/>
      </object_component>
      <object_component id="oc-602">
         <name>.const</name>
         <load_address>0x4a79</load_address>
         <run_address>0x4a79</run_address>
         <size>0xed</size>
         <input_file_ref idref="fl-39"/>
      </object_component>
      <object_component id="oc-2cb">
         <name>.const:stUsbHandle</name>
         <load_address>0x4b66</load_address>
         <run_address>0x4b66</run_address>
         <size>0x50</size>
         <input_file_ref idref="fl-39"/>
      </object_component>
      <object_component id="oc-690">
         <name>.const:.string:report_desc_HID2</name>
         <load_address>0x4bb6</load_address>
         <run_address>0x4bb6</run_address>
         <size>0x34</size>
         <input_file_ref idref="fl-39"/>
      </object_component>
      <object_component id="oc-272">
         <name>.const:.string</name>
         <load_address>0x4bea</load_address>
         <run_address>0x4bea</run_address>
         <size>0x2c</size>
         <input_file_ref idref="fl-46"/>
      </object_component>
      <object_component id="oc-68a">
         <name>.const:.string:report_desc_HID0</name>
         <load_address>0x4c16</load_address>
         <run_address>0x4c16</run_address>
         <size>0x24</size>
         <input_file_ref idref="fl-39"/>
      </object_component>
      <object_component id="oc-68d">
         <name>.const:.string:report_desc_HID1</name>
         <load_address>0x4c3a</load_address>
         <run_address>0x4c3a</run_address>
         <size>0x24</size>
         <input_file_ref idref="fl-39"/>
      </object_component>
      <object_component id="oc-3ed">
         <name>.const:.string</name>
         <load_address>0x4c5e</load_address>
         <run_address>0x4c5e</run_address>
         <size>0x20</size>
         <input_file_ref idref="fl-42"/>
      </object_component>
      <object_component id="oc-5a5">
         <name>.const:.string</name>
         <load_address>0x4c7e</load_address>
         <run_address>0x4c7e</run_address>
         <size>0x14</size>
         <input_file_ref idref="fl-a3"/>
      </object_component>
      <object_component id="oc-61e">
         <name>.const:.string:abromDeviceDescriptor</name>
         <load_address>0x4c92</load_address>
         <run_address>0x4c92</run_address>
         <size>0x12</size>
         <input_file_ref idref="fl-39"/>
      </object_component>
      <object_component id="oc-5f3">
         <name>.const:report_desc_size</name>
         <load_address>0x4ca4</load_address>
         <run_address>0x4ca4</run_address>
         <size>0x6</size>
         <input_file_ref idref="fl-39"/>
      </object_component>
      <object_component id="oc-69">
         <name>.int41</name>
         <load_address>0xffd2</load_address>
         <run_address>0xffd2</run_address>
         <size>0x2</size>
         <input_file_ref idref="fl-7f"/>
      </object_component>
      <object_component id="oc-6a">
         <name>.int42</name>
         <load_address>0xffd4</load_address>
         <run_address>0xffd4</run_address>
         <size>0x2</size>
         <input_file_ref idref="fl-80"/>
      </object_component>
      <object_component id="oc-6b">
         <name>.int43</name>
         <load_address>0xffd6</load_address>
         <run_address>0xffd6</run_address>
         <size>0x2</size>
         <input_file_ref idref="fl-81"/>
      </object_component>
      <object_component id="oc-6c">
         <name>.int44</name>
         <load_address>0xffd8</load_address>
         <run_address>0xffd8</run_address>
         <size>0x2</size>
         <input_file_ref idref="fl-82"/>
      </object_component>
      <object_component id="oc-6d">
         <name>.int45</name>
         <load_address>0xffda</load_address>
         <run_address>0xffda</run_address>
         <size>0x2</size>
         <input_file_ref idref="fl-83"/>
      </object_component>
      <object_component id="oc-6e">
         <name>.int46</name>
         <load_address>0xffdc</load_address>
         <run_address>0xffdc</run_address>
         <size>0x2</size>
         <input_file_ref idref="fl-84"/>
      </object_component>
      <object_component id="oc-6f">
         <name>.int47</name>
         <load_address>0xffde</load_address>
         <run_address>0xffde</run_address>
         <size>0x2</size>
         <input_file_ref idref="fl-85"/>
      </object_component>
      <object_component id="oc-70">
         <name>.int48</name>
         <load_address>0xffe0</load_address>
         <run_address>0xffe0</run_address>
         <size>0x2</size>
         <input_file_ref idref="fl-86"/>
      </object_component>
      <object_component id="oc-71">
         <name>.int49</name>
         <load_address>0xffe2</load_address>
         <run_address>0xffe2</run_address>
         <size>0x2</size>
         <input_file_ref idref="fl-87"/>
      </object_component>
      <object_component id="oc-78">
         <name>.int50</name>
         <load_address>0xffe4</load_address>
         <run_address>0xffe4</run_address>
         <size>0x2</size>
         <input_file_ref idref="fl-88"/>
      </object_component>
      <object_component id="oc-79">
         <name>.int51</name>
         <load_address>0xffe6</load_address>
         <run_address>0xffe6</run_address>
         <size>0x2</size>
         <input_file_ref idref="fl-38"/>
      </object_component>
      <object_component id="oc-7a">
         <name>.int52</name>
         <load_address>0xffe8</load_address>
         <run_address>0xffe8</run_address>
         <size>0x2</size>
         <input_file_ref idref="fl-89"/>
      </object_component>
      <object_component id="oc-7b">
         <name>.int53</name>
         <load_address>0xffea</load_address>
         <run_address>0xffea</run_address>
         <size>0x2</size>
         <input_file_ref idref="fl-8a"/>
      </object_component>
      <object_component id="oc-7c">
         <name>.int54</name>
         <load_address>0xffec</load_address>
         <run_address>0xffec</run_address>
         <size>0x2</size>
         <input_file_ref idref="fl-8b"/>
      </object_component>
      <object_component id="oc-7d">
         <name>.int55</name>
         <load_address>0xffee</load_address>
         <run_address>0xffee</run_address>
         <size>0x2</size>
         <input_file_ref idref="fl-8c"/>
      </object_component>
      <object_component id="oc-7e">
         <name>.int56</name>
         <load_address>0xfff0</load_address>
         <run_address>0xfff0</run_address>
         <size>0x2</size>
         <input_file_ref idref="fl-8d"/>
      </object_component>
      <object_component id="oc-7f">
         <name>.int57</name>
         <load_address>0xfff2</load_address>
         <run_address>0xfff2</run_address>
         <size>0x2</size>
         <input_file_ref idref="fl-8e"/>
      </object_component>
      <object_component id="oc-80">
         <name>.int58</name>
         <load_address>0xfff4</load_address>
         <run_address>0xfff4</run_address>
         <size>0x2</size>
         <input_file_ref idref="fl-8f"/>
      </object_component>
[...]
         <name>usbSetConfiguration</name>
         <value>0x126d4</value>
         <object_component_ref idref="oc-540"/>
      </symbol>
      <symbol id="sm-93a">
         <name>USB_resume</name>
         <value>0x12abc</value>
         <object_component_ref idref="oc-189"/>
      </symbol>
      <symbol id="sm-93b">
         <name>usbSendDataPacketOnEP0</name>
         <value>0x1294e</value>
         <object_component_ref idref="oc-5c7"/>
      </symbol>
      <symbol id="sm-93c">
         <name>usbGetConfiguration</name>
         <value>0x12bc0</value>
         <object_component_ref idref="oc-50a"/>
      </symbol>
      <symbol id="sm-93d">
         <name>usbGetConfigurationDescriptor</name>
         <value>0x12b42</value>
         <object_component_ref idref="oc-516"/>
      </symbol>
      <symbol id="sm-93e">
         <name>usbClearEndpointFeature</name>
         <value>0x12338</value>
         <object_component_ref idref="oc-504"/>
      </symbol>
      <symbol id="sm-93f">
         <name>bFunctionSuspended</name>
         <value>0x2581</value>
         <object_component_ref idref="oc-293"/>
      </symbol>
      <symbol id="sm-940">
         <name>VERSION</name>
         <value>0x2584</value>
         <object_component_ref idref="oc-293"/>
      </symbol>
      <symbol id="sm-941">
         <name>usbDecodeAndProcessUsbRequest</name>
         <value>0x117b6</value>
         <object_component_ref idref="oc-2a4"/>
      </symbol>
      <symbol id="sm-942">
         <name>bEnumerationStatus</name>
         <value>0x2582</value>
         <object_component_ref idref="oc-293"/>
      </symbol>
      <symbol id="sm-943">
         <name>usbClearOEP0ByteCount</name>
         <value>0x12ce8</value>
         <object_component_ref idref="oc-5fb"/>
      </symbol>
      <symbol id="sm-944">
         <name>USB_connectionState</name>
         <value>0x113d6</value>
         <object_component_ref idref="oc-13b"/>
      </symbol>
      <symbol id="sm-945">
         <name>usbSetDeviceFeature</name>
         <value>0x1283e</value>
         <object_component_ref idref="oc-546"/>
      </symbol>
      <symbol id="sm-946">
         <name>USB_connectionInfo</name>
         <value>0x12612</value>
         <object_component_ref idref="oc-257"/>
      </symbol>
      <symbol id="sm-947">
         <name>usbInvalidRequest</name>
         <value>0x12c0e</value>
         <object_component_ref idref="oc-558"/>
      </symbol>
      <symbol id="sm-948">
         <name>USB_reset</name>
         <value>0x107b6</value>
         <object_component_ref idref="oc-1a3"/>
      </symbol>
      <symbol id="sm-949">
         <name>USB_connect</name>
         <value>0x12a3a</value>
         <object_component_ref idref="oc-32a"/>
      </symbol>
      <symbol id="sm-94a">
         <name>usbGetDeviceStatus</name>
         <value>0x12702</value>
         <object_component_ref idref="oc-528"/>
      </symbol>
      <symbol id="sm-94b">
         <name>usbDisableInEndpointInterrupt</name>
         <value>0x12a6e</value>
         <object_component_ref idref="oc-3d3"/>
      </symbol>
      <symbol id="sm-94c">
         <name>USB_disable</name>
         <value>0x12886</value>
         <object_component_ref idref="oc-1ea"/>
      </symbol>
      <symbol id="sm-96b">
         <name>USB_TX_memcpy</name>
         <value>0x24fe</value>
      </symbol>
      <symbol id="sm-96c">
         <name>USB_RX_memcpy</name>
         <value>0x24fa</value>
      </symbol>
      <symbol id="sm-96d">
         <name>USB_initMemcpy</name>
         <value>0x12442</value>
         <object_component_ref idref="oc-395"/>
      </symbol>
      <symbol id="sm-96e">
         <name>memcpyDMA</name>
         <value>0x11d08</value>
         <object_component_ref idref="oc-483"/>
      </symbol>
      <symbol id="sm-96f">
         <name>memcpyV</name>
         <value>0x12a04</value>
         <object_component_ref idref="oc-475"/>
      </symbol>
      <symbol id="sm-a1c">
         <name>Handler_SetLineCoding</name>
         <value>0x11e2e</value>
         <object_component_ref idref="oc-352"/>
      </symbol>
      <symbol id="sm-a1d">
         <name>usbSetControlLineState</name>
         <value>0x12be8</value>
         <object_component_ref idref="oc-4c8"/>
      </symbol>
      <symbol id="sm-a1e">
         <name>USBCDC_receiveData</name>
         <value>0x101cc</value>
         <object_component_ref idref="oc-297"/>
      </symbol>
      <symbol id="sm-a1f">
         <name>CdcToBufferFromHost</name>
         <value>0x10c54</value>
         <object_component_ref idref="oc-183"/>
      </symbol>
      <symbol id="sm-a20">
         <name>USBCDC_bytesInUSBBuffer</name>
         <value>0x1161c</value>
         <object_component_ref idref="oc-175"/>
      </symbol>
      <symbol id="sm-a21">
         <name>CdcIsReceiveInProgress</name>
         <value>0x12a20</value>
         <object_component_ref idref="oc-16f"/>
      </symbol>
      <symbol id="sm-a22">
         <name>CdcResetData</name>
         <value>0x123c2</value>
         <object_component_ref idref="oc-318"/>
      </symbol>
      <symbol id="sm-a23">
         <name>usbGetLineCoding</name>
         <value>0x11ee8</value>
         <object_component_ref idref="oc-4bc"/>
      </symbol>
      <symbol id="sm-a24">
         <name>usbSetLineCoding</name>
         <value>0x12c84</value>
         <object_component_ref idref="oc-4c2"/>
      </symbol>
      <symbol id="sm-a25">
         <name>USBCDC_intfStatus</name>
         <value>0x1127c</value>
         <object_component_ref idref="oc-283"/>
      </symbol>
      <symbol id="sm-a26">
         <name>CdcToHostFromBuffer</name>
         <value>0x10524</value>
         <object_component_ref idref="oc-1d7"/>
      </symbol>
      <symbol id="sm-a27">
         <name>USBCDC_sendData</name>
         <value>0x11832</value>
         <object_component_ref idref="oc-289"/>
      </symbol>
      <symbol id="sm-a28">
         <name>CopyUsbToBuff</name>
         <value>0x11a7c</value>
         <object_component_ref idref="oc-2f3"/>
      </symbol>
      <symbol id="sm-a46">
         <name>PROTOCOL_hadler</name>
         <value>0x10388</value>
         <object_component_ref idref="oc-123"/>
      </symbol>
      <symbol id="sm-a56">
         <name>_c_int00_noexit</name>
         <value>0x4632</value>
         <object_component_ref idref="oc-72"/>
      </symbol>
      <symbol id="sm-a57">
         <name>_c_int00</name>
         <value>0x4632</value>
         <object_component_ref idref="oc-72"/>
      </symbol>
      <symbol id="sm-a58">
         <name>_stack</name>
         <value>0x4360</value>
         <object_component_ref idref="oc-97"/>
      </symbol>
      <symbol id="sm-a59">
         <name>_reset_vector</name>
         <value>0xfffe</value>
         <object_component_ref idref="oc-9a"/>
      </symbol>
      <symbol id="sm-a6f">
         <name>__TI_decompress_none</name>
         <value>0x12bfc</value>
         <object_component_ref idref="oc-85"/>
      </symbol>
      <symbol id="sm-a91">
         <name>__TI_decompress_rle24</name>
         <value>0x12ce2</value>
         <object_component_ref idref="oc-91"/>
      </symbol>
      <symbol id="sm-aa4">
         <name>__TI_zero_init</name>
         <value>0x127f6</value>
         <object_component_ref idref="oc-8b"/>
      </symbol>
      <symbol id="sm-aaf">
         <name>__mspabi_remu</name>
         <value>0x12b16</value>
         <object_component_ref idref="oc-6b0"/>
      </symbol>
      <symbol id="sm-ab0">
         <name>__mspabi_divu</name>
         <value>0x12b16</value>
         <object_component_ref idref="oc-6b0"/>
      </symbol>
      <symbol id="sm-abf">
         <name>__mspabi_remul</name>
         <value>0x11f9e</value>
         <object_component_ref idref="oc-23e"/>
      </symbol>
      <symbol id="sm-ac0">
         <name>__mspabi_divul</name>
         <value>0x11f9e</value>
         <object_component_ref idref="oc-23e"/>
      </symbol>
      <symbol id="sm-aca">
         <name>C$$EXIT</name>
         <value>0x12d3a</value>
         <object_component_ref idref="oc-b2"/>
      </symbol>
      <symbol id="sm-acb">
         <name>abort</name>
         <value>0x12d3a</value>
         <object_component_ref idref="oc-b2"/>
      </symbol>
      <symbol id="sm-ace">
         <name>__TI_int41</name>
         <value>0xffd2</value>
         <object_component_ref idref="oc-69"/>
      </symbol>
      <symbol id="sm-ad1">
         <name>__TI_int42</name>
         <value>0xffd4</value>
         <object_component_ref idref="oc-6a"/>
      </symbol>
      <symbol id="sm-ad4">
         <name>__TI_int43</name>
         <value>0xffd6</value>
         <object_component_ref idref="oc-6b"/>
      </symbol>
      <symbol id="sm-ad7">
         <name>__TI_int44</name>
         <value>0xffd8</value>
         <object_component_ref idref="oc-6c"/>
      </symbol>
      <symbol id="sm-ada">
         <name>__TI_int45</name>
         <value>0xffda</value>
         <object_component_ref idref="oc-6d"/>
      </symbol>
      <symbol id="sm-add">
         <name>__TI_int46</name>
         <value>0xffdc</value>
         <object_component_ref idref="oc-6e"/>
      </symbol>
      <symbol id="sm-ae0">
         <name>__TI_int47</name>
         <value>0xffde</value>
         <object_component_ref idref="oc-6f"/>
      </symbol>
      <symbol id="sm-ae3">
         <name>__TI_int48</name>
         <value>0xffe0</value>
         <object_component_ref idref="oc-70"/>
      </symbol>
      <symbol id="sm-ae6">
         <name>__TI_int49</name>
         <value>0xffe2</value>
         <object_component_ref idref="oc-71"/>
      </symbol>
      <symbol id="sm-ae9">
         <name>__TI_int50</name>
         <value>0xffe4</value>
         <object_component_ref idref="oc-78"/>
      </symbol>
      <symbol id="sm-aec">
         <name>__TI_int52</name>
         <value>0xffe8</value>
         <object_component_ref idref="oc-7a"/>
      </symbol>
      <symbol id="sm-aef">
         <name>__TI_int53</name>
         <value>0xffea</value>
         <object_component_ref idref="oc-7b"/>
      </symbol>
      <symbol id="sm-af2">
         <name>__TI_int54</name>
         <value>0xffec</value>
         <object_component_ref idref="oc-7c"/>
      </symbol>
      <symbol id="sm-af5">
         <name>__TI_int55</name>
         <value>0xffee</value>
         <object_component_ref idref="oc-7d"/>
      </symbol>
      <symbol id="sm-af8">
         <name>__TI_int56</name>
         <value>0xfff0</value>
         <object_component_ref idref="oc-7e"/>
      </symbol>
      <symbol id="sm-afb">
         <name>__TI_int57</name>
         <value>0xfff2</value>
         <object_component_ref idref="oc-7f"/>
      </symbol>
      <symbol id="sm-afe">
         <name>__TI_int58</name>
         <value>0xfff4</value>
         <object_component_ref idref="oc-80"/>
      </symbol>
      <symbol id="sm-b01">
         <name>__TI_int59</name>
         <value>0xfff6</value>
         <object_component_ref idref="oc-81"/>
      </symbol>
      <symbol id="sm-b04">
         <name>__TI_int60</name>
         <value>0xfff8</value>
         <object_component_ref idref="oc-82"/>
      </symbol>
      <symbol id="sm-b07">
         <name>__TI_int62</name>
         <value>0xfffc</value>
         <object_component_ref idref="oc-84"/>
      </symbol>
      <symbol id="sm-b0f">
         <name>__TI_ISR_TRAP</name>
         <value>0x12cdc</value>
         <object_component_ref idref="oc-9b"/>
      </symbol>
      <symbol id="sm-b18">
         <name>__mspabi_slli</name>
         <value>0x12c9a</value>
         <object_component_ref idref="oc-3e3"/>
      </symbol>
      <symbol id="sm-b20">
         <name>__mspabi_slll_9</name>
         <value>0x12516</value>
         <object_component_ref idref="oc-439"/>
      </symbol>
      <symbol id="sm-b21">
         <name>__mspabi_slll_8</name>
         <value>0x1251a</value>
         <object_component_ref idref="oc-439"/>
      </symbol>
      <symbol id="sm-b22">
         <name>__mspabi_slll_7</name>
         <value>0x1251e</value>
         <object_component_ref idref="oc-439"/>
      </symbol>
      <symbol id="sm-b23">
         <name>__mspabi_slll_6</name>
         <value>0x12522</value>
         <object_component_ref idref="oc-439"/>
      </symbol>
      <symbol id="sm-b24">
         <name>__mspabi_slll_5</name>
         <value>0x12526</value>
         <object_component_ref idref="oc-439"/>
      </symbol>
      <symbol id="sm-b25">
         <name>__mspabi_slll_4</name>
         <value>0x1252a</value>
         <object_component_ref idref="oc-439"/>
      </symbol>
      <symbol id="sm-b26">
         <name>__mspabi_slll_3</name>
         <value>0x1252e</value>
         <object_component_ref idref="oc-439"/>
      </symbol>
      <symbol id="sm-b27">
         <name>__mspabi_slll_2</name>
         <value>0x12532</value>
         <object_component_ref idref="oc-439"/>
      </symbol>
      <symbol id="sm-b28">
         <name>__mspabi_slll_1</name>
         <value>0x12536</value>
         <object_component_ref idref="oc-439"/>
      </symbol>
      <symbol id="sm-b29">
         <name>__mspabi_slll_15</name>
         <value>0x124fe</value>
         <object_component_ref idref="oc-439"/>
      </symbol>
      <symbol id="sm-b2a">
         <name>__mspabi_slll_14</name>
         <value>0x12502</value>
         <object_component_ref idref="oc-439"/>
      </symbol>
      <symbol id="sm-b2b">
         <name>__mspabi_slll_13</name>
         <value>0x12506</value>
         <object_component_ref idref="oc-439"/>
      </symbol>
      <symbol id="sm-b2c">
         <name>__mspabi_slll_12</name>
         <value>0x1250a</value>
         <object_component_ref idref="oc-439"/>
      </symbol>
      <symbol id="sm-b2d">
         <name>__mspabi_slll_11</name>
         <value>0x1250e</value>
         <object_component_ref idref="oc-439"/>
      </symbol>
      <symbol id="sm-b2e">
         <name>__mspabi_slll_10</name>
         <value>0x12512</value>
         <object_component_ref idref="oc-439"/>
      </symbol>
      <symbol id="sm-b37">
         <name>__mspabi_srli</name>
         <value>0x12ca4</value>
         <object_component_ref idref="oc-424"/>
      </symbol>
      <symbol id="sm-b3f">
         <name>__mspabi_srll_8</name>
         <value>0x12558</value>
         <object_component_ref idref="oc-243"/>
      </symbol>
      <symbol id="sm-b40">
         <name>__mspabi_srll_9</name>
         <value>0x12554</value>
         <object_component_ref idref="oc-243"/>
      </symbol>
      <symbol id="sm-b41">
         <name>__mspabi_srll_6</name>
         <value>0x12560</value>
         <object_component_ref idref="oc-243"/>
      </symbol>
      <symbol id="sm-b42">
         <name>__mspabi_srll_7</name>
         <value>0x1255c</value>
         <object_component_ref idref="oc-243"/>
      </symbol>
      <symbol id="sm-b43">
         <name>__mspabi_srll_4</name>
         <value>0x12568</value>
         <object_component_ref idref="oc-243"/>
      </symbol>
      <symbol id="sm-b44">
         <name>__mspabi_srll_5</name>
         <value>0x12564</value>
         <object_component_ref idref="oc-243"/>
      </symbol>
      <symbol id="sm-b45">
         <name>__mspabi_srll_2</name>
         <value>0x12570</value>
         <object_component_ref idref="oc-243"/>
      </symbol>
      <symbol id="sm-b46">
         <name>__mspabi_srll_3</name>
         <value>0x1256c</value>
         <object_component_ref idref="oc-243"/>
      </symbol>
      <symbol id="sm-b47">
         <name>__mspabi_srll_1</name>
         <value>0x12574</value>
         <object_component_ref idref="oc-243"/>
      </symbol>
      <symbol id="sm-b48">
         <name>__mspabi_srll_15</name>
         <value>0x1253c</value>
         <object_component_ref idref="oc-243"/>
      </symbol>
      <symbol id="sm-b49">
         <name>__mspabi_srll_14</name>
         <value>0x12540</value>
         <object_component_ref idref="oc-243"/>
      </symbol>
      <symbol id="sm-b4a">
         <name>__mspabi_srll_13</name>
         <value>0x12544</value>
         <object_component_ref idref="oc-243"/>
      </symbol>
      <symbol id="sm-b4b">
         <name>__mspabi_srll_12</name>
         <value>0x12548</value>
         <object_component_ref idref="oc-243"/>
      </symbol>
      <symbol id="sm-b4c">
         <name>__mspabi_srll_11</name>
         <value>0x1254c</value>
         <object_component_ref idref="oc-243"/>
      </symbol>
      <symbol id="sm-b4d">
         <name>__mspabi_srll_10</name>
         <value>0x12550</value>
         <object_component_ref idref="oc-243"/>
      </symbol>
      <symbol id="sm-b5b">
         <name>memcpy</name>
         <value>0x12bac</value>
         <object_component_ref idref="oc-c5"/>
      </symbol>
      <symbol id="sm-b69">
         <name>memset</name>
         <value>0x12b00</value>
         <object_component_ref idref="oc-135"/>
      </symbol>
      <symbol id="sm-b72">
         <name>__mspabi_mpyi_f5hw</name>
         <value>0x12b2c</value>
         <object_component_ref idref="oc-2ab"/>
      </symbol>
      <symbol id="sm-b7a">
         <name>__mspabi_mpyl_f5hw</name>
         <value>0x128a8</value>
         <object_component_ref idref="oc-3c5"/>
      </symbol>
      <symbol id="sm-b9b">
         <name>sprintf</name>
         <value>0x1237e</value>
         <object_component_ref idref="oc-273"/>
      </symbol>
      <symbol id="sm-ba8">
         <name>strlen</name>
         <value>0x12c5c</value>
         <object_component_ref idref="oc-129"/>
      </symbol>
      <symbol id="sm-bb8">
         <name>strncat</name>
         <value>0x126a6</value>
         <object_component_ref idref="oc-14a"/>
      </symbol>
      <symbol id="sm-bc8">
         <name>strncpy</name>
         <value>0x12644</value>
         <object_component_ref idref="oc-267"/>
      </symbol>
      <symbol id="sm-bed">
         <name>strtoul</name>
         <value>0x10000</value>
         <object_component_ref idref="oc-279"/>
      </symbol>
      <symbol id="sm-c56">
         <name>__TI_printfi_minimal</name>
         <value>0x1100c</value>
         <object_component_ref idref="oc-3ba"/>
      </symbol>
      <symbol id="sm-c6e">
         <name>_auto_init_hold_wdt</name>
         <value>0x11b58</value>
         <object_component_ref idref="oc-a6"/>
      </symbol>
      <symbol id="sm-c78">
         <name>_ctypes_</name>
         <value>0x4978</value>
         <object_component_ref idref="oc-3c2"/>
      </symbol>
      <symbol id="sm-c7f">
         <name>_Errno</name>
         <value>0x2592</value>
         <object_component_ref idref="oc-3ca"/>
      </symbol>
      <symbol id="sm-c8e">
         <name>memccpy</name>
         <value>0x1292e</value>
         <object_component_ref idref="oc-5ac"/>
      </symbol>
      <symbol id="sm-c8f">
         <name>__TI_exit</name>
         <value>0x1</value>
      </symbol>
      <symbol id="sm-c90">
         <name>__TI_args_main</name>
         <value>0x1</value>
      </symbol>
      <symbol id="sm-c91">
         <name>__TI_INITARRAY_Base</name>
         <value>0x0</value>
      </symbol>
      <symbol id="sm-c92">
         <name>__TI_INITARRAY_Limit</name>
         <value>0x0</value>
      </symbol>
   </symbol_table>
   <title>Link successful</title>
</link_info>
