<?xml version="1.0"?>
<link_info>
   <banner>MSP430 Linker PC v4.3.3</banner>
   <copyright>Copyright (c) 2003-2014 Texas Instruments Incorporated</copyright>
   <link_time>0x546b1e2c</link_time>
   <link_errors>0x0</link_errors>
   <output_file>trik_usb_project_1.out</output_file>
   <entry_point>
      <name>_c_int00</name>
      <address>0xc434</address>
   </entry_point>
   <input_file_list>
      <input_file id="fl-2">
         <path>.\</path>
         <kind>object</kind>
         <file>hal.obj</file>
         <name>hal.obj</name>
      </input_file>
      <input_file id="fl-3">
         <path>.\</path>
         <kind>object</kind>
         <file>main.obj</file>
         <name>main.obj</name>
      </input_file>
      <input_file id="fl-4">
         <path>.\</path>
         <kind>object</kind>
         <file>system_pre_init.obj</file>
         <name>system_pre_init.obj</name>
      </input_file>
      <input_file id="fl-5">
         <path>.\driverlib\MSP430F5xx_6xx\</path>
         <kind>object</kind>
         <file>adc10_a.obj</file>
         <name>adc10_a.obj</name>
      </input_file>
      <input_file id="fl-6">
         <path>.\driverlib\MSP430F5xx_6xx\</path>
         <kind>object</kind>
         <file>adc12_a.obj</file>
         <name>adc12_a.obj</name>
      </input_file>
      <input_file id="fl-7">
         <path>.\driverlib\MSP430F5xx_6xx\</path>
         <kind>object</kind>
         <file>aes.obj</file>
         <name>aes.obj</name>
      </input_file>
      <input_file id="fl-8">
         <path>.\driverlib\MSP430F5xx_6xx\</path>
         <kind>object</kind>
         <file>bak_batt.obj</file>
         <name>bak_batt.obj</name>
      </input_file>
      <input_file id="fl-9">
         <path>.\driverlib\MSP430F5xx_6xx\</path>
         <kind>object</kind>
         <file>comp_b.obj</file>
         <name>comp_b.obj</name>
      </input_file>
      <input_file id="fl-a">
         <path>.\driverlib\MSP430F5xx_6xx\</path>
         <kind>object</kind>
         <file>crc.obj</file>
         <name>crc.obj</name>
      </input_file>
      <input_file id="fl-b">
         <path>.\driverlib\MSP430F5xx_6xx\</path>
         <kind>object</kind>
         <file>dac12_a.obj</file>
         <name>dac12_a.obj</name>
      </input_file>
      <input_file id="fl-c">
         <path>.\driverlib\MSP430F5xx_6xx\</path>
         <kind>object</kind>
         <file>dma.obj</file>
         <name>dma.obj</name>
      </input_file>
      <input_file id="fl-d">
         <path>.\driverlib\MSP430F5xx_6xx\</path>
         <kind>object</kind>
         <file>eusci_a_spi.obj</file>
         <name>eusci_a_spi.obj</name>
      </input_file>
      <input_file id="fl-e">
         <path>.\driverlib\MSP430F5xx_6xx\</path>
         <kind>object</kind>
         <file>eusci_a_uart.obj</file>
         <name>eusci_a_uart.obj</name>
      </input_file>
      <input_file id="fl-f">
         <path>.\driverlib\MSP430F5xx_6xx\</path>
         <kind>object</kind>
         <file>eusci_b_i2c.obj</file>
         <name>eusci_b_i2c.obj</name>
      </input_file>
      <input_file id="fl-10">
         <path>.\driverlib\MSP430F5xx_6xx\</path>
         <kind>object</kind>
         <file>eusci_b_spi.obj</file>
         <name>eusci_b_spi.obj</name>
      </input_file>
      <input_file id="fl-11">
         <path>.\driverlib\MSP430F5xx_6xx\</path>
         <kind>object</kind>
         <file>eusci_i2c.obj</file>
         <name>eusci_i2c.obj</name>
      </input_file>
      <input_file id="fl-12">
         <path>.\driverlib\MSP430F5xx_6xx\</path>
         <kind>object</kind>
         <file>eusci_spi.obj</file>
         <name>eusci_spi.obj</name>
      </input_file>
      <input_file id="fl-13">
         <path>.\driverlib\MSP430F5xx_6xx\</path>
         <kind>object</kind>
         <file>eusci_uart.obj</file>
         <name>eusci_uart.obj</name>
      </input_file>
      <input_file id="fl-14">
         <path>.\driverlib\MSP430F5xx_6xx\</path>
         <kind>object</kind>
         <file>flash.obj</file>
         <name>flash.obj</name>
      </input_file>
      <input_file id="fl-15">
         <path>.\driverlib\MSP430F5xx_6xx\</path>
         <kind>object</kind>
         <file>gpio.obj</file>
         <name>gpio.obj</name>
      </input_file>
      <input_file id="fl-16">
         <path>.\driverlib\MSP430F5xx_6xx\</path>
         <kind>object</kind>
         <file>ldopwr.obj</file>
         <name>ldopwr.obj</name>
      </input_file>
      <input_file id="fl-17">
         <path>.\driverlib\MSP430F5xx_6xx\</path>
         <kind>object</kind>
         <file>mpy32.obj</file>
         <name>mpy32.obj</name>
      </input_file>
      <input_file id="fl-18">
         <path>.\driverlib\MSP430F5xx_6xx\</path>
         <kind>object</kind>
         <file>pmap.obj</file>
         <name>pmap.obj</name>
      </input_file>
      <input_file id="fl-19">
         <path>.\driverlib\MSP430F5xx_6xx\</path>
         <kind>object</kind>
         <file>pmm.obj</file>
         <name>pmm.obj</name>
      </input_file>
      <input_file id="fl-1a">
         <path>.\driverlib\MSP430F5xx_6xx\</path>
         <kind>object</kind>
         <file>ram.obj</file>
         <name>ram.obj</name>
      </input_file>
      <input_file id="fl-1b">
         <path>.\driverlib\MSP430F5xx_6xx\</path>
         <kind>object</kind>
         <file>ref.obj</file>
         <name>ref.obj</name>
      </input_file>
      <input_file id="fl-1c">
         <path>.\driverlib\MSP430F5xx_6xx\</path>
         <kind>object</kind>
         <file>rtc_a.obj</file>
         <name>rtc_a.obj</name>
      </input_file>
      <input_file id="fl-1d">
         <path>.\driverlib\MSP430F5xx_6xx\</path>
         <kind>object</kind>
         <file>rtc_b.obj</file>
         <name>rtc_b.obj</name>
      </input_file>
      <input_file id="fl-1e">
         <path>.\driverlib\MSP430F5xx_6xx\</path>
         <kind>object</kind>
         <file>rtc_c.obj</file>
         <name>rtc_c.obj</name>
      </input_file>
      <input_file id="fl-1f">
         <path>.\driverlib\MSP430F5xx_6xx\</path>
         <kind>object</kind>
         <file>sd24_b.obj</file>
         <name>sd24_b.obj</name>
      </input_file>
      <input_file id="fl-20">
         <path>.\driverlib\MSP430F5xx_6xx\</path>
         <kind>object</kind>
         <file>sfr.obj</file>
         <name>sfr.obj</name>
      </input_file>
      <input_file id="fl-21">
         <path>.\driverlib\MSP430F5xx_6xx\</path>
         <kind>object</kind>
         <file>sys.obj</file>
         <name>sys.obj</name>
      </input_file>
      <input_file id="fl-22">
         <path>.\driverlib\MSP430F5xx_6xx\</path>
         <kind>object</kind>
         <file>tec.obj</file>
         <name>tec.obj</name>
      </input_file>
      <input_file id="fl-23">
         <path>.\driverlib\MSP430F5xx_6xx\</path>
         <kind>object</kind>
         <file>timer_a.obj</file>
         <name>timer_a.obj</name>
      </input_file>
      <input_file id="fl-24">
         <path>.\driverlib\MSP430F5xx_6xx\</path>
         <kind>object</kind>
         <file>timer_b.obj</file>
         <name>timer_b.obj</name>
      </input_file>
      <input_file id="fl-25">
         <path>.\driverlib\MSP430F5xx_6xx\</path>
         <kind>object</kind>
         <file>timer_d.obj</file>
         <name>timer_d.obj</name>
      </input_file>
      <input_file id="fl-26">
         <path>.\driverlib\MSP430F5xx_6xx\</path>
         <kind>object</kind>
         <file>tlv.obj</file>
         <name>tlv.obj</name>
      </input_file>
      <input_file id="fl-27">
         <path>.\driverlib\MSP430F5xx_6xx\</path>
         <kind>object</kind>
         <file>ucs.obj</file>
         <name>ucs.obj</name>
      </input_file>
      <input_file id="fl-28">
         <path>.\driverlib\MSP430F5xx_6xx\</path>
         <kind>object</kind>
         <file>usci_a_spi.obj</file>
         <name>usci_a_spi.obj</name>
      </input_file>
      <input_file id="fl-29">
         <path>.\driverlib\MSP430F5xx_6xx\</path>
         <kind>object</kind>
         <file>usci_a_uart.obj</file>
         <name>usci_a_uart.obj</name>
      </input_file>
      <input_file id="fl-2a">
         <path>.\driverlib\MSP430F5xx_6xx\</path>
         <kind>object</kind>
         <file>usci_b_i2c.obj</file>
         <name>usci_b_i2c.obj</name>
      </input_file>
      <input_file id="fl-2b">
         <path>.\driverlib\MSP430F5xx_6xx\</path>
         <kind>object</kind>
         <file>usci_b_spi.obj</file>
         <name>usci_b_spi.obj</name>
      </input_file>
      <input_file id="fl-2c">
         <path>.\driverlib\MSP430F5xx_6xx\</path>
         <kind>object</kind>
         <file>usci_i2c.obj</file>
         <name>usci_i2c.obj</name>
      </input_file>
      <input_file id="fl-2d">
         <path>.\driverlib\MSP430F5xx_6xx\</path>
         <kind>object</kind>
         <file>usci_spi.obj</file>
         <name>usci_spi.obj</name>
      </input_file>
      <input_file id="fl-2e">
         <path>.\driverlib\MSP430F5xx_6xx\</path>
         <kind>object</kind>
         <file>usci_uart.obj</file>
         <name>usci_uart.obj</name>
      </input_file>
      <input_file id="fl-2f">
         <path>.\driverlib\MSP430F5xx_6xx\</path>
         <kind>object</kind>
         <file>wdt_a.obj</file>
         <name>wdt_a.obj</name>
      </input_file>
      <input_file id="fl-30">
         <path>.\driverlib\MSP430F5xx_6xx\deprecated\</path>
         <kind>object</kind>
         <file>dma.obj</file>
         <name>dma.obj</name>
      </input_file>
      <input_file id="fl-31">
         <path>.\driverlib\MSP430F5xx_6xx\deprecated\</path>
         <kind>object</kind>
         <file>flash.obj</file>
         <name>flash.obj</name>
      </input_file>
      <input_file id="fl-32">
         <path>.\driverlib\MSP430F5xx_6xx\deprecated\</path>
         <kind>object</kind>
         <file>mpy32.obj</file>
         <name>mpy32.obj</name>
      </input_file>
      <input_file id="fl-33">
         <path>.\driverlib\MSP430F5xx_6xx\deprecated\</path>
         <kind>object</kind>
         <file>pmm.obj</file>
         <name>pmm.obj</name>
      </input_file>
      <input_file id="fl-34">
         <path>.\driverlib\MSP430F5xx_6xx\deprecated\</path>
         <kind>object</kind>
         <file>ram.obj</file>
         <name>ram.obj</name>
      </input_file>
      <input_file id="fl-35">
         <path>.\driverlib\MSP430F5xx_6xx\deprecated\</path>
         <kind>object</kind>
         <file>sfr.obj</file>
         <name>sfr.obj</name>
      </input_file>
      <input_file id="fl-36">
         <path>.\driverlib\MSP430F5xx_6xx\deprecated\</path>
         <kind>object</kind>
         <file>sys.obj</file>
         <name>sys.obj</name>
      </input_file>
      <input_file id="fl-37">
         <path>.\driverlib\MSP430F5xx_6xx\deprecated\</path>
         <kind>object</kind>
         <file>ucs.obj</file>
         <name>ucs.obj</name>
      </input_file>
      <input_file id="fl-38">
         <path>.\USB_config\</path>
         <kind>object</kind>
         <file>UsbIsr.obj</file>
         <name>UsbIsr.obj</name>
      </input_file>
      <input_file id="fl-39">
         <path>.\USB_config\</path>
         <kind>object</kind>
         <file>descriptors.obj</file>
         <name>descriptors.obj</name>
      </input_file>
      <input_file id="fl-3a">
         <path>.\USB_app\</path>
         <kind>object</kind>
         <file>usbConstructs.obj</file>
         <name>usbConstructs.obj</name>
      </input_file>
      <input_file id="fl-3b">
         <path>.\USB_app\</path>
         <kind>object</kind>
         <file>usbEventHandling.obj</file>
         <name>usbEventHandling.obj</name>
      </input_file>
      <input_file id="fl-3c">
         <path>.\USB_API\USB_PHDC_API\</path>
         <kind>object</kind>
         <file>UsbPHDC.obj</file>
         <name>UsbPHDC.obj</name>
      </input_file>
      <input_file id="fl-3d">
         <path>.\USB_API\USB_MSC_API\</path>
         <kind>object</kind>
         <file>UsbMscReq.obj</file>
         <name>UsbMscReq.obj</name>
      </input_file>
      <input_file id="fl-3e">
         <path>.\USB_API\USB_MSC_API\</path>
         <kind>object</kind>
         <file>UsbMscScsi.obj</file>
         <name>UsbMscScsi.obj</name>
      </input_file>
      <input_file id="fl-3f">
         <path>.\USB_API\USB_MSC_API\</path>
         <kind>object</kind>
         <file>UsbMscStateMachine.obj</file>
         <name>UsbMscStateMachine.obj</name>
      </input_file>
      <input_file id="fl-40">
         <path>.\USB_API\USB_HID_API\</path>
         <kind>object</kind>
         <file>UsbHid.obj</file>
         <name>UsbHid.obj</name>
      </input_file>
      <input_file id="fl-41">
         <path>.\USB_API\USB_HID_API\</path>
         <kind>object</kind>
         <file>UsbHidReq.obj</file>
         <name>UsbHidReq.obj</name>
      </input_file>
      <input_file id="fl-42">
         <path>.\USB_API\USB_Common\</path>
         <kind>object</kind>
         <file>usb.obj</file>
         <name>usb.obj</name>
      </input_file>
      <input_file id="fl-43">
         <path>.\USB_API\USB_Common\</path>
         <kind>object</kind>
         <file>usbdma.obj</file>
         <name>usbdma.obj</name>
      </input_file>
      <input_file id="fl-44">
         <path>.\USB_API\USB_CDC_API\</path>
         <kind>object</kind>
         <file>UsbCdc.obj</file>
         <name>UsbCdc.obj</name>
      </input_file>
      <input_file id="fl-45">
         <path>.\Trik_Devices\</path>
         <kind>object</kind>
         <file>trik_async.obj</file>
         <name>trik_async.obj</name>
      </input_file>
      <input_file id="fl-46">
         <path>.\Trik_Devices\</path>
         <kind>object</kind>
         <file>trik_bsl.obj</file>
         <name>trik_bsl.obj</name>
      </input_file>
      <input_file id="fl-47">
         <path>.\Trik_Devices\</path>
         <kind>object</kind>
         <file>trik_encoder.obj</file>
         <name>trik_encoder.obj</name>
      </input_file>
      <input_file id="fl-48">
         <path>.\Trik_Devices\</path>
         <kind>object</kind>
         <file>trik_motor.obj</file>
         <name>trik_motor.obj</name>
      </input_file>
      <input_file id="fl-49">
         <path>.\Trik_Devices\</path>
         <kind>object</kind>
         <file>trik_protocolhandler.obj</file>
         <name>trik_protocolhandler.obj</name>
      </input_file>
      <input_file id="fl-4a">
         <path>.\Trik_Devices\</path>
         <kind>object</kind>
         <file>trik_sensor.obj</file>
         <name>trik_sensor.obj</name>
      </input_file>
      <input_file id="fl-7a">
         <path>C:\TI\ccsv6\tools\compiler\msp430_4.3.3\lib\</path>
         <kind>archive</kind>
         <file>rts430x_lc_sd_eabi.lib</file>
         <name>boot.obj</name>
      </input_file>
      <input_file id="fl-7b">
         <path>C:\TI\ccsv6\tools\compiler\msp430_4.3.3\lib\</path>
         <kind>archive</kind>
         <file>rts430x_lc_sd_eabi.lib</file>
         <name>copy_decompress_none.obj</name>
      </input_file>
      <input_file id="fl-7c">
         <path>C:\TI\ccsv6\tools\compiler\msp430_4.3.3\lib\</path>
         <kind>archive</kind>
         <file>rts430x_lc_sd_eabi.lib</file>
         <name>copy_decompress_rle.obj</name>
      </input_file>
      <input_file id="fl-7d">
         <path>C:\TI\ccsv6\tools\compiler\msp430_4.3.3\lib\</path>
         <kind>archive</kind>
         <file>rts430x_lc_sd_eabi.lib</file>
         <name>copy_zero_init.obj</name>
      </input_file>
      <input_file id="fl-7e">
         <path>C:\TI\ccsv6\tools\compiler\msp430_4.3.3\lib\</path>
         <kind>archive</kind>
         <file>rts430x_lc_sd_eabi.lib</file>
         <name>cpy_util.obj</name>
      </input_file>
      <input_file id="fl-7f">
         <path>C:\TI\ccsv6\tools\compiler\msp430_4.3.3\lib\</path>
         <kind>archive</kind>
         <file>rts430x_lc_sd_eabi.lib</file>
         <name>div16s.obj</name>
      </input_file>
      <input_file id="fl-80">
         <path>C:\TI\ccsv6\tools\compiler\msp430_4.3.3\lib\</path>
         <kind>archive</kind>
         <file>rts430x_lc_sd_eabi.lib</file>
         <name>div16u.obj</name>
      </input_file>
      <input_file id="fl-81">
         <path>C:\TI\ccsv6\tools\compiler\msp430_4.3.3\lib\</path>
         <kind>archive</kind>
         <file>rts430x_lc_sd_eabi.lib</file>
         <name>div32s.obj</name>
      </input_file>
      <input_file id="fl-82">
         <path>C:\TI\ccsv6\tools\compiler\msp430_4.3.3\lib\</path>
         <kind>archive</kind>
         <file>rts430x_lc_sd_eabi.lib</file>
         <name>div32u.obj</name>
      </input_file>
      <input_file id="fl-83">
         <path>C:\TI\ccsv6\tools\compiler\msp430_4.3.3\lib\</path>
         <kind>archive</kind>
         <file>rts430x_lc_sd_eabi.lib</file>
         <name>exit.obj</name>
      </input_file>
      <input_file id="fl-84">
         <path>C:\TI\ccsv6\tools\compiler\msp430_4.3.3\lib\</path>
         <kind>archive</kind>
         <file>rts430x_lc_sd_eabi.lib</file>
         <name>int41.obj</name>
      </input_file>
      <input_file id="fl-85">
         <path>C:\TI\ccsv6\tools\compiler\msp430_4.3.3\lib\</path>
         <kind>archive</kind>
         <file>rts430x_lc_sd_eabi.lib</file>
         <name>int43.obj</name>
      </input_file>
      <input_file id="fl-86">
         <path>C:\TI\ccsv6\tools\compiler\msp430_4.3.3\lib\</path>
         <kind>archive</kind>
         <file>rts430x_lc_sd_eabi.lib</file>
         <name>int44.obj</name>
      </input_file>
      <input_file id="fl-87">
         <path>C:\TI\ccsv6\tools\compiler\msp430_4.3.3\lib\</path>
         <kind>archive</kind>
         <file>rts430x_lc_sd_eabi.lib</file>
         <name>int45.obj</name>
      </input_file>
      <input_file id="fl-88">
         <path>C:\TI\ccsv6\tools\compiler\msp430_4.3.3\lib\</path>
         <kind>archive</kind>
         <file>rts430x_lc_sd_eabi.lib</file>
         <name>int46.obj</name>
      </input_file>
      <input_file id="fl-89">
         <path>C:\TI\ccsv6\tools\compiler\msp430_4.3.3\lib\</path>
         <kind>archive</kind>
         <file>rts430x_lc_sd_eabi.lib</file>
         <name>int48.obj</name>
      </input_file>
      <input_file id="fl-8a">
         <path>C:\TI\ccsv6\tools\compiler\msp430_4.3.3\lib\</path>
         <kind>archive</kind>
         <file>rts430x_lc_sd_eabi.lib</file>
         <name>int49.obj</name>
      </input_file>
      <input_file id="fl-8b">
         <path>C:\TI\ccsv6\tools\compiler\msp430_4.3.3\lib\</path>
         <kind>archive</kind>
         <file>rts430x_lc_sd_eabi.lib</file>
         <name>int50.obj</name>
      </input_file>
      <input_file id="fl-8c">
         <path>C:\TI\ccsv6\tools\compiler\msp430_4.3.3\lib\</path>
         <kind>archive</kind>
         <file>rts430x_lc_sd_eabi.lib</file>
         <name>int52.obj</name>
      </input_file>
      <input_file id="fl-8d">
         <path>C:\TI\ccsv6\tools\compiler\msp430_4.3.3\lib\</path>
         <kind>archive</kind>
         <file>rts430x_lc_sd_eabi.lib</file>
         <name>int53.obj</name>
      </input_file>
      <input_file id="fl-8e">
         <path>C:\TI\ccsv6\tools\compiler\msp430_4.3.3\lib\</path>
         <kind>archive</kind>
         <file>rts430x_lc_sd_eabi.lib</file>
         <name>int54.obj</name>
      </input_file>
      <input_file id="fl-8f">
         <path>C:\TI\ccsv6\tools\compiler\msp430_4.3.3\lib\</path>
         <kind>archive</kind>
         <file>rts430x_lc_sd_eabi.lib</file>
         <name>int55.obj</name>
      </input_file>
      <input_file id="fl-90">
         <path>C:\TI\ccsv6\tools\compiler\msp430_4.3.3\lib\</path>
         <kind>archive</kind>
         <file>rts430x_lc_sd_eabi.lib</file>
         <name>int56.obj</name>
      </input_file>
      <input_file id="fl-91">
         <path>C:\TI\ccsv6\tools\compiler\msp430_4.3.3\lib\</path>
         <kind>archive</kind>
         <file>rts430x_lc_sd_eabi.lib</file>
         <name>int57.obj</name>
      </input_file>
      <input_file id="fl-92">
         <path>C:\TI\ccsv6\tools\compiler\msp430_4.3.3\lib\</path>
         <kind>archive</kind>
         <file>rts430x_lc_sd_eabi.lib</file>
         <name>int59.obj</name>
      </input_file>
      <input_file id="fl-93">
         <path>C:\TI\ccsv6\tools\compiler\msp430_4.3.3\lib\</path>
         <kind>archive</kind>
         <file>rts430x_lc_sd_eabi.lib</file>
         <name>int60.obj</name>
      </input_file>
      <input_file id="fl-94">
         <path>C:\TI\ccsv6\tools\compiler\msp430_4.3.3\lib\</path>
         <kind>archive</kind>
         <file>rts430x_lc_sd_eabi.lib</file>
         <name>int62.obj</name>
      </input_file>
      <input_file id="fl-95">
         <path>C:\TI\ccsv6\tools\compiler\msp430_4.3.3\lib\</path>
         <kind>archive</kind>
         <file>rts430x_lc_sd_eabi.lib</file>
         <name>isr_trap.obj</name>
      </input_file>
      <input_file id="fl-96">
         <path>C:\TI\ccsv6\tools\compiler\msp430_4.3.3\lib\</path>
         <kind>archive</kind>
         <file>rts430x_lc_sd_eabi.lib</file>
         <name>lsl16.obj</name>
      </input_file>
      <input_file id="fl-97">
         <path>C:\TI\ccsv6\tools\compiler\msp430_4.3.3\lib\</path>
         <kind>archive</kind>
         <file>rts430x_lc_sd_eabi.lib</file>
         <name>lsl32.obj</name>
      </input_file>
      <input_file id="fl-98">
         <path>C:\TI\ccsv6\tools\compiler\msp430_4.3.3\lib\</path>
         <kind>archive</kind>
         <file>rts430x_lc_sd_eabi.lib</file>
         <name>lsr16.obj</name>
      </input_file>
      <input_file id="fl-99">
         <path>C:\TI\ccsv6\tools\compiler\msp430_4.3.3\lib\</path>
         <kind>archive</kind>
         <file>rts430x_lc_sd_eabi.lib</file>
         <name>lsr32.obj</name>
      </input_file>
      <input_file id="fl-9a">
         <path>C:\TI\ccsv6\tools\compiler\msp430_4.3.3\lib\</path>
         <kind>archive</kind>
         <file>rts430x_lc_sd_eabi.lib</file>
         <name>memset.obj</name>
      </input_file>
      <input_file id="fl-9b">
         <path>C:\TI\ccsv6\tools\compiler\msp430_4.3.3\lib\</path>
         <kind>archive</kind>
         <file>rts430x_lc_sd_eabi.lib</file>
         <name>mpu_init.obj</name>
      </input_file>
      <input_file id="fl-9c">
         <path>C:\TI\ccsv6\tools\compiler\msp430_4.3.3\lib\</path>
         <kind>archive</kind>
         <file>rts430x_lc_sd_eabi.lib</file>
         <name>mult16_f5hw.obj</name>
      </input_file>
      <input_file id="fl-9d">
         <path>C:\TI\ccsv6\tools\compiler\msp430_4.3.3\lib\</path>
         <kind>archive</kind>
         <file>rts430x_lc_sd_eabi.lib</file>
         <name>mult32_f5hw.obj</name>
      </input_file>
      <input_file id="fl-9e">
         <path>C:\TI\ccsv6\tools\compiler\msp430_4.3.3\lib\</path>
         <kind>archive</kind>
         <file>rts430x_lc_sd_eabi.lib</file>
         <name>sprintf.obj</name>
      </input_file>
      <input_file id="fl-9f">
         <path>C:\TI\ccsv6\tools\compiler\msp430_4.3.3\lib\</path>
         <kind>archive</kind>
         <file>rts430x_lc_sd_eabi.lib</file>
         <name>strcat.obj</name>
      </input_file>
      <input_file id="fl-a0">
         <path>C:\TI\ccsv6\tools\compiler\msp430_4.3.3\lib\</path>
         <kind>archive</kind>
         <file>rts430x_lc_sd_eabi.lib</file>
         <name>strlen.obj</name>
      </input_file>
      <input_file id="fl-a1">
         <path>C:\TI\ccsv6\tools\compiler\msp430_4.3.3\lib\</path>
         <kind>archive</kind>
         <file>rts430x_lc_sd_eabi.lib</file>
         <name>strncat.obj</name>
      </input_file>
      <input_file id="fl-a2">
         <path>C:\TI\ccsv6\tools\compiler\msp430_4.3.3\lib\</path>
         <kind>archive</kind>
         <file>rts430x_lc_sd_eabi.lib</file>
         <name>strncpy.obj</name>
      </input_file>
      <input_file id="fl-a3">
         <path>C:\TI\ccsv6\tools\compiler\msp430_4.3.3\lib\</path>
         <kind>archive</kind>
         <file>rts430x_lc_sd_eabi.lib</file>
         <name>strtoul.obj</name>
      </input_file>
      <input_file id="fl-a4">
         <path>C:\TI\ccsv6\tools\compiler\msp430_4.3.3\lib\</path>
         <kind>archive</kind>
         <file>rts430x_lc_sd_eabi.lib</file>
         <name>_lock.obj</name>
      </input_file>
      <input_file id="fl-a5">
         <path>C:\TI\ccsv6\tools\compiler\msp430_4.3.3\lib\</path>
         <kind>archive</kind>
         <file>rts430x_lc_sd_eabi.lib</file>
         <name>_printfi_min.obj</name>
      </input_file>
      <input_file id="fl-a6">
         <path>C:\TI\ccsv6\tools\compiler\msp430_4.3.3\lib\</path>
         <kind>archive</kind>
         <file>rts430x_lc_sd_eabi.lib</file>
         <name>args_main.obj</name>
      </input_file>
      <input_file id="fl-a7">
         <path>C:\TI\ccsv6\tools\compiler\msp430_4.3.3\lib\</path>
         <kind>archive</kind>
         <file>rts430x_lc_sd_eabi.lib</file>
         <name>autoinit.obj</name>
      </input_file>
      <input_file id="fl-a8">
         <path>C:\TI\ccsv6\tools\compiler\msp430_4.3.3\lib\</path>
         <kind>archive</kind>
         <file>rts430x_lc_sd_eabi.lib</file>
         <name>ctype.obj</name>
      </input_file>
      <input_file id="fl-a9">
         <path>C:\TI\ccsv6\tools\compiler\msp430_4.3.3\lib\</path>
         <kind>archive</kind>
         <file>rts430x_lc_sd_eabi.lib</file>
         <name>errno.obj</name>
      </input_file>
      <input_file id="fl-aa">
         <path>C:\TI\ccsv6\tools\compiler\msp430_4.3.3\lib\</path>
         <kind>archive</kind>
         <file>rts430x_lc_sd_eabi.lib</file>
         <name>memccpy.obj</name>
      </input_file>
      <input_file id="fl-ab">
         <path>C:\TI\ccsv6\tools\compiler\msp430_4.3.3\lib\</path>
         <kind>archive</kind>
         <file>rts430x_lc_sd_eabi.lib</file>
         <name>memcpy.obj</name>
      </input_file>
   </input_file_list>
   <object_component_list>
      <object_component id="oc-96">
         <name>.stack</name>
         <uninitialized>true</uninitialized>
         <run_address>0x3360</run_address>
         <size>0x2</size>
         <input_file_ref idref="fl-7a"/>
      </object_component>
      <object_component id="oc-851">
         <name>.stack</name>
         <uninitialized>true</uninitialized>
         <run_address>0x3360</run_address>
         <size>0x0</size>
      </object_component>
      <object_component id="oc-194">
         <name>.text:PROTOCOL_hadler</name>
         <load_address>0x8000</load_address>
         <run_address>0x8000</run_address>
         <size>0x672</size>
         <input_file_ref idref="fl-49"/>
      </object_component>
      <object_component id="oc-4a6">
         <name>.text:SENSOR_read_digital</name>
         <load_address>0x8672</load_address>
         <run_address>0x8672</run_address>
         <size>0x316</size>
         <input_file_ref idref="fl-4a"/>
      </object_component>
      <object_component id="oc-4e0">
         <name>.text:MOTOR_enableController</name>
         <load_address>0x8988</load_address>
         <run_address>0x8988</run_address>
         <size>0x240</size>
         <input_file_ref idref="fl-48"/>
      </object_component>
      <object_component id="oc-23c">
         <name>.text:PROTOCOL_recvResponse</name>
         <load_address>0x8bc8</load_address>
         <run_address>0x8bc8</run_address>
         <size>0x1e6</size>
         <input_file_ref idref="fl-49"/>
      </object_component>
      <object_component id="oc-4ae">
         <name>.text:SENSOR_read_analog</name>
         <load_address>0x8dae</load_address>
         <run_address>0x8dae</run_address>
         <size>0x1a8</size>
         <input_file_ref idref="fl-4a"/>
      </object_component>
      <object_component id="oc-32f">
         <name>.text:strtoul</name>
         <load_address>0x8f56</load_address>
         <run_address>0x8f56</run_address>
         <size>0x194</size>
         <input_file_ref idref="fl-a3"/>
      </object_component>
      <object_component id="oc-311">
         <name>.text:USBCDC_receiveData</name>
         <load_address>0x90ea</load_address>
         <run_address>0x90ea</run_address>
         <size>0x192</size>
         <input_file_ref idref="fl-44"/>
      </object_component>
      <object_component id="oc-9f">
         <name>.text:_isr:PORT2_ISR</name>
         <load_address>0x927c</load_address>
         <run_address>0x927c</run_address>
         <size>0x180</size>
         <input_file_ref idref="fl-47"/>
      </object_component>
      <object_component id="oc-4d1">
         <name>.text:ENCODER_enableController</name>
         <load_address>0x93fc</load_address>
         <run_address>0x93fc</run_address>
         <size>0x178</size>
         <input_file_ref idref="fl-47"/>
      </object_component>
      <object_component id="oc-c4">
         <name>.text:_isr:iUsbInterruptHandler</name>
         <load_address>0x9574</load_address>
         <run_address>0x9574</run_address>
         <size>0x15a</size>
         <input_file_ref idref="fl-38"/>
      </object_component>
      <object_component id="oc-ca">
         <name>.text:_isr:TIMERB1_ISR</name>
         <load_address>0x96ce</load_address>
         <run_address>0x96ce</run_address>
         <size>0x158</size>
         <input_file_ref idref="fl-3"/>
      </object_component>
      <object_component id="oc-b7">
         <name>.text:main</name>
         <load_address>0x9826</load_address>
         <run_address>0x9826</run_address>
         <size>0x146</size>
         <input_file_ref idref="fl-3"/>
      </object_component>
      <object_component id="oc-21e">
         <name>.text:CdcToHostFromBuffer</name>
         <load_address>0x996c</load_address>
         <run_address>0x996c</run_address>
         <size>0x13c</size>
         <input_file_ref idref="fl-44"/>
      </object_component>
      <object_component id="oc-1f0">
         <name>.text:USB_reset</name>
         <load_address>0x9aa8</load_address>
         <run_address>0x9aa8</run_address>
         <size>0x136</size>
         <input_file_ref idref="fl-42"/>
      </object_component>
      <object_component id="oc-11e">
         <name>.text:MOTOR_stop</name>
         <load_address>0x9bde</load_address>
         <run_address>0x9bde</run_address>
         <size>0x114</size>
         <input_file_ref idref="fl-48"/>
      </object_component>
      <object_component id="oc-598">
         <name>.text:_setfield</name>
         <load_address>0x9cf2</load_address>
         <run_address>0x9cf2</run_address>
         <size>0x10e</size>
         <input_file_ref idref="fl-a5"/>
      </object_component>
      <object_component id="oc-170">
         <name>.text:globalInitVars</name>
         <load_address>0x9e00</load_address>
         <run_address>0x9e00</run_address>
         <size>0x10e</size>
         <input_file_ref idref="fl-3"/>
      </object_component>
      <object_component id="oc-1d0">
         <name>.text:CdcToBufferFromHost</name>
         <load_address>0x9f0e</load_address>
         <run_address>0x9f0e</run_address>
         <size>0xf6</size>
         <input_file_ref idref="fl-44"/>
      </object_component>
      <object_component id="oc-36a">
         <name>.text:PROTOCOL_errResponse</name>
         <load_address>0xa004</load_address>
         <run_address>0xa004</run_address>
         <size>0xec</size>
         <input_file_ref idref="fl-49"/>
      </object_component>
      <object_component id="oc-443">
         <name>.text:UCS_initFLL</name>
         <load_address>0xa0f0</load_address>
         <run_address>0xa0f0</run_address>
         <size>0xe2</size>
         <input_file_ref idref="fl-27"/>
      </object_component>
      <object_component id="oc-e9">
         <name>.text:__TI_decompress_rle_core</name>
         <load_address>0xa1d2</load_address>
         <run_address>0xa1d2</run_address>
         <size>0xd8</size>
         <input_file_ref idref="fl-7c"/>
      </object_component>
      <object_component id="oc-2ce">
         <name>.text:PMM_setVCoreUp</name>
         <load_address>0xa2aa</load_address>
         <run_address>0xa2aa</run_address>
         <size>0xce</size>
         <input_file_ref idref="fl-19"/>
      </object_component>
      <object_component id="oc-2fa">
         <name>.text:USB_enable</name>
         <load_address>0xa378</load_address>
         <run_address>0xa378</run_address>
         <size>0xc6</size>
         <input_file_ref idref="fl-42"/>
      </object_component>
      <object_component id="oc-485">
         <name>.text:__TI_printfi_minimal</name>
         <load_address>0xa43e</load_address>
         <run_address>0xa43e</run_address>
         <size>0xc0</size>
         <input_file_ref idref="fl-a5"/>
      </object_component>
      <object_component id="oc-433">
         <name>.text:privateTimerAProcessClockSourceDivider</name>
         <load_address>0xa4fe</load_address>
         <run_address>0xa4fe</run_address>
         <size>0xbe</size>
         <input_file_ref idref="fl-23"/>
      </object_component>
      <object_component id="oc-5fb">
         <name>.text:privateTimerBProcessClockSourceDivider</name>
         <load_address>0xa5bc</load_address>
         <run_address>0xa5bc</run_address>
         <size>0xbe</size>
         <input_file_ref idref="fl-24"/>
      </object_component>
      <object_component id="oc-453">
         <name>.text:USB_InitSerialStringDescriptor</name>
         <load_address>0xa67a</load_address>
         <run_address>0xa67a</run_address>
         <size>0xba</size>
         <input_file_ref idref="fl-42"/>
      </object_component>
      <object_component id="oc-376">
         <name>.text:PROTOCOL_transResponse</name>
         <load_address>0xa734</load_address>
         <run_address>0xa734</run_address>
         <size>0xb4</size>
         <input_file_ref idref="fl-49"/>
      </object_component>
      <object_component id="oc-18b">
         <name>.text:retInString</name>
         <load_address>0xa7e8</load_address>
         <run_address>0xa7e8</run_address>
         <size>0xac</size>
         <input_file_ref idref="fl-3"/>
      </object_component>
      <object_component id="oc-37d">
         <name>.text:USBCDC_intfStatus</name>
         <load_address>0xa894</load_address>
         <run_address>0xa894</run_address>
         <size>0xa8</size>
         <input_file_ref idref="fl-44"/>
      </object_component>
      <object_component id="oc-4cb">
         <name>.text:ENCODER_disableController</name>
         <load_address>0xa93c</load_address>
         <run_address>0xa93c</run_address>
         <size>0xa4</size>
         <input_file_ref idref="fl-47"/>
      </object_component>
      <object_component id="oc-5c9">
         <name>.text:GPIO_setAsInputPinWithPullDownresistor</name>
         <load_address>0xa9e0</load_address>
         <run_address>0xa9e0</run_address>
         <size>0x96</size>
         <input_file_ref idref="fl-15"/>
      </object_component>
      <object_component id="oc-5c3">
         <name>.text:GPIO_setAsInputPinWithPullUpresistor</name>
         <load_address>0xaa76</load_address>
         <run_address>0xaa76</run_address>
         <size>0x96</size>
         <input_file_ref idref="fl-15"/>
      </object_component>
      <object_component id="oc-1a0">
         <name>.text:USB_connectionState</name>
         <load_address>0xab0c</load_address>
         <run_address>0xab0c</run_address>
         <size>0x96</size>
         <input_file_ref idref="fl-42"/>
      </object_component>
      <object_component id="oc-2c8">
         <name>.text:PMM_setVCoreDown</name>
         <load_address>0xaba2</load_address>
         <run_address>0xaba2</run_address>
         <size>0x94</size>
         <input_file_ref idref="fl-19"/>
      </object_component>
      <object_component id="oc-349">
         <name>.text:SENSOR_hadler</name>
         <load_address>0xac36</load_address>
         <run_address>0xac36</run_address>
         <size>0x8a</size>
         <input_file_ref idref="fl-4a"/>
      </object_component>
      <object_component id="oc-2d5">
         <name>.text:UCS_clockSignalInit</name>
         <load_address>0xacc0</load_address>
         <run_address>0xacc0</run_address>
         <size>0x88</size>
         <input_file_ref idref="fl-27"/>
      </object_component>
      <object_component id="oc-5cf">
         <name>.text:GPIO_setAsInputPin</name>
         <load_address>0xad48</load_address>
         <run_address>0xad48</run_address>
         <size>0x84</size>
         <input_file_ref idref="fl-15"/>
      </object_component>
      <object_component id="oc-2ed">
         <name>.text:USB_init</name>
         <load_address>0xadcc</load_address>
         <run_address>0xadcc</run_address>
         <size>0x84</size>
         <input_file_ref idref="fl-42"/>
      </object_component>
      <object_component id="oc-b1">
         <name>.text:_auto_init_hold_wdt</name>
         <load_address>0xae50</load_address>
         <run_address>0xae50</run_address>
         <size>0x84</size>
         <input_file_ref idref="fl-a7"/>
      </object_component>
      <object_component id="oc-3e6">
         <name>.text:USB_determineFreq</name>
         <load_address>0xaed4</load_address>
         <run_address>0xaed4</run_address>
         <size>0x7a</size>
         <input_file_ref idref="fl-42"/>
      </object_component>
      <object_component id="oc-394">
         <name>.text:usbDecodeAndProcessUsbRequest</name>
         <load_address>0xaf4e</load_address>
         <run_address>0xaf4e</run_address>
         <size>0x7a</size>
         <input_file_ref idref="fl-42"/>
      </object_component>
      <object_component id="oc-1c0">
         <name>.text:USBCDC_bytesInUSBBuffer</name>
         <load_address>0xafc8</load_address>
         <run_address>0xafc8</run_address>
         <size>0x76</size>
         <input_file_ref idref="fl-44"/>
      </object_component>
      <object_component id="oc-383">
         <name>.text:USBCDC_sendData</name>
         <load_address>0xb03e</load_address>
         <run_address>0xb03e</run_address>
         <size>0x74</size>
         <input_file_ref idref="fl-44"/>
      </object_component>
      <object_component id="oc-60c">
         <name>.text:GPIO_setAsOutputPin</name>
         <load_address>0xb0b2</load_address>
         <run_address>0xb0b2</run_address>
         <size>0x72</size>
         <input_file_ref idref="fl-15"/>
      </object_component>
      <object_component id="oc-461">
         <name>.text:GPIO_setAsPeripheralModuleFunctionOutputPin</name>
         <load_address>0xb124</load_address>
         <run_address>0xb124</run_address>
         <size>0x72</size>
         <input_file_ref idref="fl-15"/>
      </object_component>
      <object_component id="oc-370">
         <name>.text:MOTOR_hadler</name>
         <load_address>0xb196</load_address>
         <run_address>0xb196</run_address>
         <size>0x72</size>
         <input_file_ref idref="fl-48"/>
      </object_component>
      <object_component id="oc-4da">
         <name>.text:MOTOR_disableController</name>
         <load_address>0xb208</load_address>
         <run_address>0xb208</run_address>
         <size>0x70</size>
         <input_file_ref idref="fl-48"/>
      </object_component>
      <object_component id="oc-415">
         <name>.text:usbSendNextPacketOnIEP0</name>
         <load_address>0xb278</load_address>
         <run_address>0xb278</run_address>
         <size>0x70</size>
         <input_file_ref idref="fl-42"/>
      </object_component>
      <object_component id="oc-362">
         <name>.text:ENCODER_hadler</name>
         <load_address>0xb2e8</load_address>
         <run_address>0xb2e8</run_address>
         <size>0x6a</size>
         <input_file_ref idref="fl-47"/>
      </object_component>
      <object_component id="oc-1fd">
         <name>.text:PWRVBUSoffHandler</name>
         <load_address>0xb352</load_address>
         <run_address>0xb352</run_address>
         <size>0x6a</size>
         <input_file_ref idref="fl-38"/>
      </object_component>
      <object_component id="oc-19a">
         <name>.text:cdcSendDataInBackground</name>
         <load_address>0xb3bc</load_address>
         <run_address>0xb3bc</run_address>
         <size>0x6a</size>
         <input_file_ref idref="fl-3a"/>
      </object_component>
      <object_component id="oc-698">
         <name>.text:usbGetEndpointStatus</name>
         <load_address>0xb426</load_address>
         <run_address>0xb426</run_address>
         <size>0x6a</size>
         <input_file_ref idref="fl-42"/>
      </object_component>
      <object_component id="oc-359">
         <name>.text:ASYNCTIMER_hadler</name>
         <load_address>0xb490</load_address>
         <run_address>0xb490</run_address>
         <size>0x68</size>
         <input_file_ref idref="fl-45"/>
      </object_component>
      <object_component id="oc-104">
         <name>.text:GPIO_getInputPinValue</name>
         <load_address>0xb4f8</load_address>
         <run_address>0xb4f8</run_address>
         <size>0x66</size>
         <input_file_ref idref="fl-15"/>
      </object_component>
      <object_component id="oc-612">
         <name>.text:GPIO_setOutputHighOnPin</name>
         <load_address>0xb55e</load_address>
         <run_address>0xb55e</run_address>
         <size>0x66</size>
         <input_file_ref idref="fl-15"/>
      </object_component>
      <object_component id="oc-2a3">
         <name>.text:GPIO_setOutputLowOnPin</name>
         <load_address>0xb5c4</load_address>
         <run_address>0xb5c4</run_address>
         <size>0x66</size>
         <input_file_ref idref="fl-15"/>
      </object_component>
      <object_component id="oc-3bf">
         <name>.text:CopyUsbToBuff</name>
         <load_address>0xb62a</load_address>
         <run_address>0xb62a</run_address>
         <size>0x60</size>
         <input_file_ref idref="fl-44"/>
      </object_component>
      <object_component id="oc-57d">
         <name>.text:DMA_init</name>
         <load_address>0xb68a</load_address>
         <run_address>0xb68a</run_address>
         <size>0x5e</size>
         <input_file_ref idref="fl-c"/>
      </object_component>
      <object_component id="oc-40d">
         <name>.text:Handler_SetLineCoding</name>
         <load_address>0xb6e8</load_address>
         <run_address>0xb6e8</run_address>
         <size>0x5e</size>
         <input_file_ref idref="fl-44"/>
      </object_component>
      <object_component id="oc-583">
         <name>.text:memcpyDMA</name>
         <load_address>0xb746</load_address>
         <run_address>0xb746</run_address>
         <size>0x5a</size>
         <input_file_ref idref="fl-43"/>
      </object_component>
      <object_component id="oc-650">
         <name>.text:usbGetLineCoding</name>
         <load_address>0xb7a0</load_address>
         <run_address>0xb7a0</run_address>
         <size>0x5a</size>
         <input_file_ref idref="fl-44"/>
      </object_component>
      <object_component id="oc-20a">
         <name>.text:PWRVBUSonHandler</name>
         <load_address>0xb7fa</load_address>
         <run_address>0xb7fa</run_address>
         <size>0x58</size>
         <input_file_ref idref="fl-38"/>
      </object_component>
      <object_component id="oc-2db">
         <name>.text</name>
         <load_address>0xb852</load_address>
         <run_address>0xb852</run_address>
         <size>0x58</size>
         <input_file_ref idref="fl-82"/>
      </object_component>
      <object_component id="oc-7b8">
         <name>.text:_ltostr</name>
         <load_address>0xb8aa</load_address>
         <run_address>0xb8aa</run_address>
         <size>0x52</size>
         <input_file_ref idref="fl-a5"/>
      </object_component>
      <object_component id="oc-6b0">
         <name>.text:usbSetEndpointFeature</name>
         <load_address>0xb8fc</load_address>
         <run_address>0xb8fc</run_address>
         <size>0x52</size>
         <input_file_ref idref="fl-42"/>
      </object_component>
      <object_component id="oc-680">
         <name>.text:usbGetStringDescriptor</name>
         <load_address>0xb94e</load_address>
         <run_address>0xb94e</run_address>
         <size>0x4e</size>
         <input_file_ref idref="fl-42"/>
      </object_component>
      <object_component id="oc-70c">
         <name>.text:_pproc_diouxp</name>
         <load_address>0xb99c</load_address>
         <run_address>0xb99c</run_address>
         <size>0x4c</size>
         <input_file_ref idref="fl-a5"/>
      </object_component>
      <object_component id="oc-15e">
         <name>.text:PMM_setVCore</name>
         <load_address>0xb9e8</load_address>
         <run_address>0xb9e8</run_address>
         <size>0x4a</size>
         <input_file_ref idref="fl-19"/>
      </object_component>
      <object_component id="oc-16a">
         <name>.text:USB_setup</name>
         <load_address>0xba32</load_address>
         <run_address>0xba32</run_address>
         <size>0x4a</size>
         <input_file_ref idref="fl-42"/>
      </object_component>
      <object_component id="oc-4b9">
         <name>.text:TIMER_B_startUpMode</name>
         <load_address>0xba7c</load_address>
         <run_address>0xba7c</run_address>
         <size>0x48</size>
         <input_file_ref idref="fl-24"/>
      </object_component>
      <object_component id="oc-569">
         <name>.text:TLV_getInfo</name>
         <load_address>0xbac4</load_address>
         <run_address>0xbac4</run_address>
         <size>0x48</size>
         <input_file_ref idref="fl-26"/>
      </object_component>
      <object_component id="oc-179">
         <name>.text:cdcReceiveDataInBuffer</name>
         <load_address>0xbb0c</load_address>
         <run_address>0xbb0c</run_address>
         <size>0x48</size>
         <input_file_ref idref="fl-3a"/>
      </object_component>
      <object_component id="oc-1b4">
         <name>.text:SetupPacketInterruptHandler</name>
         <load_address>0xbb54</load_address>
         <run_address>0xbb54</run_address>
         <size>0x46</size>
         <input_file_ref idref="fl-38"/>
      </object_component>
      <object_component id="oc-668">
         <name>.text:usbClearEndpointFeature</name>
         <load_address>0xbb9a</load_address>
         <run_address>0xbb9a</run_address>
         <size>0x46</size>
         <input_file_ref idref="fl-42"/>
      </object_component>
      <object_component id="oc-406">
         <name>.text:usbReceiveNextPacketOnOEP0</name>
         <load_address>0xbbe0</load_address>
         <run_address>0xbbe0</run_address>
         <size>0x46</size>
         <input_file_ref idref="fl-42"/>
      </object_component>
      <object_component id="oc-26d">
         <name>.text:privateGPIOGetBaseAddress</name>
         <load_address>0xbc26</load_address>
         <run_address>0xbc26</run_address>
         <size>0x44</size>
         <input_file_ref idref="fl-15"/>
      </object_component>
      <object_component id="oc-3de">
         <name>.text:CdcResetData</name>
         <load_address>0xbc6a</load_address>
         <run_address>0xbc6a</run_address>
         <size>0x40</size>
         <input_file_ref idref="fl-44"/>
      </object_component>
      <object_component id="oc-2b6">
         <name>.text:TIMER_A_generatePWM</name>
         <load_address>0xbcaa</load_address>
         <run_address>0xbcaa</run_address>
         <size>0x40</size>
         <input_file_ref idref="fl-23"/>
      </object_component>
      <object_component id="oc-459">
         <name>.text:USB_initMemcpy</name>
         <load_address>0xbcea</load_address>
         <run_address>0xbcea</run_address>
         <size>0x40</size>
         <input_file_ref idref="fl-43"/>
      </object_component>
      <object_component id="oc-d6">
         <name>.text:__memcpy_far</name>
         <load_address>0xbd2a</load_address>
         <run_address>0xbd2a</run_address>
         <size>0x40</size>
         <input_file_ref idref="fl-7e"/>
      </object_component>
      <object_component id="oc-59e">
         <name>.text:_pproc_str</name>
         <load_address>0xbd6a</load_address>
         <run_address>0xbd6a</run_address>
         <size>0x40</size>
         <input_file_ref idref="fl-a5"/>
      </object_component>
      <object_component id="oc-d0">
         <name>.text:_isr:UNMI_ISR</name>
         <load_address>0xbdaa</load_address>
         <run_address>0xbdaa</run_address>
         <size>0x3e</size>
         <input_file_ref idref="fl-3"/>
      </object_component>
      <object_component id="oc-8a">
         <name>.text:decompress:ZI:__TI_zero_init</name>
         <load_address>0xbde8</load_address>
         <run_address>0xbde8</run_address>
         <size>0x3e</size>
         <input_file_ref idref="fl-7d"/>
      </object_component>
      <object_component id="oc-164">
         <name>.text:initClocks</name>
         <load_address>0xbe26</load_address>
         <run_address>0xbe26</run_address>
         <size>0x3e</size>
         <input_file_ref idref="fl-2"/>
      </object_component>
      <object_component id="oc-536">
         <name>.text:l_lsl_const</name>
         <load_address>0xbe64</load_address>
         <run_address>0xbe64</run_address>
         <size>0x3e</size>
         <input_file_ref idref="fl-97"/>
      </object_component>
      <object_component id="oc-2e0">
         <name>.text:l_lsr_const</name>
         <load_address>0xbea2</load_address>
         <run_address>0xbea2</run_address>
         <size>0x3e</size>
         <input_file_ref idref="fl-99"/>
      </object_component>
      <object_component id="oc-84">
         <name>.text:decompress:none:__TI_decompress_none</name>
         <load_address>0xbee0</load_address>
         <run_address>0xbee0</run_address>
         <size>0x3c</size>
         <input_file_ref idref="fl-7b"/>
      </object_component>
      <object_component id="oc-622">
         <name>.text:GPIO_interruptEdgeSelect</name>
         <load_address>0xbf1c</load_address>
         <run_address>0xbf1c</run_address>
         <size>0x3a</size>
         <input_file_ref idref="fl-15"/>
      </object_component>
      <object_component id="oc-224">
         <name>.text:OEP0InterruptHandler</name>
         <load_address>0xbf56</load_address>
         <run_address>0xbf56</run_address>
         <size>0x38</size>
         <input_file_ref idref="fl-38"/>
      </object_component>
      <object_component id="oc-329">
         <name>.text:sprintf</name>
         <load_address>0xbf8e</load_address>
         <run_address>0xbf8e</run_address>
         <size>0x38</size>
         <input_file_ref idref="fl-9e"/>
      </object_component>
      <object_component id="oc-69e">
         <name>.text:usbSetAddress</name>
         <load_address>0xbfc6</load_address>
         <run_address>0xbfc6</run_address>
         <size>0x34</size>
         <input_file_ref idref="fl-42"/>
      </object_component>
      <object_component id="oc-148">
         <name>.text:GPIO_clearInterruptFlag</name>
         <load_address>0xbffa</load_address>
         <run_address>0xbffa</run_address>
         <size>0x32</size>
         <input_file_ref idref="fl-15"/>
      </object_component>
      <object_component id="oc-605">
         <name>.text:GPIO_disableInterrupt</name>
         <load_address>0xc02c</load_address>
         <run_address>0xc02c</run_address>
         <size>0x32</size>
         <input_file_ref idref="fl-15"/>
      </object_component>
      <object_component id="oc-61b">
         <name>.text:GPIO_enableInterrupt</name>
         <load_address>0xc05e</load_address>
         <run_address>0xc05e</run_address>
         <size>0x32</size>
         <input_file_ref idref="fl-15"/>
      </object_component>
      <object_component id="oc-2e5">
         <name>.text:UCS_initFLLSettle</name>
         <load_address>0xc090</load_address>
         <run_address>0xc090</run_address>
         <size>0x32</size>
         <input_file_ref idref="fl-27"/>
      </object_component>
      <object_component id="oc-2f4">
         <name>.text:USB_connectionInfo</name>
         <load_address>0xc0c2</load_address>
         <run_address>0xc0c2</run_address>
         <size>0x32</size>
         <input_file_ref idref="fl-42"/>
      </object_component>
      <object_component id="oc-fe">
         <name>.text:GPIO_getInterruptStatus</name>
         <load_address>0xc0f4</load_address>
         <run_address>0xc0f4</run_address>
         <size>0x30</size>
         <input_file_ref idref="fl-15"/>
      </object_component>
      <object_component id="oc-1e3">
         <name>.text:USB_suspend</name>
         <load_address>0xc124</load_address>
         <run_address>0xc124</run_address>
         <size>0x30</size>
         <input_file_ref idref="fl-42"/>
      </object_component>
      <object_component id="oc-7b2">
         <name>.text:_getarg_diouxp</name>
         <load_address>0xc154</load_address>
         <run_address>0xc154</run_address>
         <size>0x2e</size>
         <input_file_ref idref="fl-a5"/>
      </object_component>
      <object_component id="oc-6a4">
         <name>.text:usbSetConfiguration</name>
         <load_address>0xc182</load_address>
         <run_address>0xc182</run_address>
         <size>0x2e</size>
         <input_file_ref idref="fl-42"/>
      </object_component>
      <object_component id="oc-31f">
         <name>.text:strncpy</name>
         <load_address>0xc1b0</load_address>
         <run_address>0xc1b0</run_address>
         <size>0x2c</size>
         <input_file_ref idref="fl-a2"/>
      </object_component>
      <object_component id="oc-68c">
         <name>.text:usbGetDeviceStatus</name>
         <load_address>0xc1dc</load_address>
         <run_address>0xc1dc</run_address>
         <size>0x2a</size>
         <input_file_ref idref="fl-42"/>
      </object_component>
      <object_component id="oc-1a6">
         <name>.text:strncat</name>
         <load_address>0xc206</load_address>
         <run_address>0xc206</run_address>
         <size>0x28</size>
         <input_file_ref idref="fl-a1"/>
      </object_component>
      <object_component id="oc-6de">
         <name>.text:DMA_setDstAddress</name>
         <load_address>0xc22e</load_address>
         <run_address>0xc22e</run_address>
         <size>0x26</size>
         <input_file_ref idref="fl-c"/>
      </object_component>
      <object_component id="oc-6d8">
         <name>.text:DMA_setSrcAddress</name>
         <load_address>0xc254</load_address>
         <run_address>0xc254</run_address>
         <size>0x24</size>
         <input_file_ref idref="fl-c"/>
      </object_component>
      <object_component id="oc-467">
         <name>.text:UCS_bypassXT2WithTimeout</name>
         <load_address>0xc278</load_address>
         <run_address>0xc278</run_address>
         <size>0x24</size>
         <input_file_ref idref="fl-27"/>
      </object_component>
      <object_component id="oc-662">
         <name>.text:usbClearDeviceFeature</name>
         <load_address>0xc29c</load_address>
         <run_address>0xc29c</run_address>
         <size>0x24</size>
         <input_file_ref idref="fl-42"/>
      </object_component>
      <object_component id="oc-6aa">
         <name>.text:usbSetDeviceFeature</name>
         <load_address>0xc2c0</load_address>
         <run_address>0xc2c0</run_address>
         <size>0x24</size>
         <input_file_ref idref="fl-42"/>
      </object_component>
      <object_component id="oc-34f">
         <name>.text:BSL_enterBSL</name>
         <load_address>0xc2e4</load_address>
         <run_address>0xc2e4</run_address>
         <size>0x22</size>
         <input_file_ref idref="fl-46"/>
      </object_component>
      <object_component id="oc-49e">
         <name>.text:SENSOR_enableController</name>
         <load_address>0xc306</load_address>
         <run_address>0xc306</run_address>
         <size>0x22</size>
         <input_file_ref idref="fl-4a"/>
      </object_component>
      <object_component id="oc-252">
         <name>.text:USB_disable</name>
         <load_address>0xc328</load_address>
         <run_address>0xc328</run_address>
         <size>0x22</size>
         <input_file_ref idref="fl-42"/>
      </object_component>
      <object_component id="oc-490">
         <name>.text</name>
         <load_address>0xc34a</load_address>
         <run_address>0xc34a</run_address>
         <size>0x22</size>
         <input_file_ref idref="fl-9d"/>
      </object_component>
      <object_component id="oc-73b">
         <name>.text:usbSendDataPacketOnEP0</name>
         <load_address>0xc36c</load_address>
         <run_address>0xc36c</run_address>
         <size>0x20</size>
         <input_file_ref idref="fl-42"/>
      </object_component>
      <object_component id="oc-686">
         <name>.text:usbGetInterface</name>
         <load_address>0xc38c</load_address>
         <run_address>0xc38c</run_address>
         <size>0x1e</size>
         <input_file_ref idref="fl-42"/>
      </object_component>
      <object_component id="oc-692">
         <name>.text:usbGetInterfaceStatus</name>
         <load_address>0xc3aa</load_address>
         <run_address>0xc3aa</run_address>
         <size>0x1e</size>
         <input_file_ref idref="fl-42"/>
      </object_component>
      <object_component id="oc-22a">
         <name>.text:IEP0InterruptHandler</name>
         <load_address>0xc3c8</load_address>
         <run_address>0xc3c8</run_address>
         <size>0x1c</size>
         <input_file_ref idref="fl-38"/>
      </object_component>
      <object_component id="oc-712">
         <name>.text:memccpy</name>
         <load_address>0xc3e4</load_address>
         <run_address>0xc3e4</run_address>
         <size>0x1c</size>
         <input_file_ref idref="fl-aa"/>
      </object_component>
      <object_component id="oc-3f0">
         <name>.text:USB_connect</name>
         <load_address>0xc400</load_address>
         <run_address>0xc400</run_address>
         <size>0x1a</size>
         <input_file_ref idref="fl-42"/>
      </object_component>
      <object_component id="oc-7d7">
         <name>.text:_div</name>
         <load_address>0xc41a</load_address>
         <run_address>0xc41a</run_address>
         <size>0x1a</size>
         <input_file_ref idref="fl-a5"/>
      </object_component>
      <object_component id="oc-71">
         <name>.text:_isr:_c_int00_noexit</name>
         <load_address>0xc434</load_address>
         <run_address>0xc434</run_address>
         <size>0x1a</size>
         <input_file_ref idref="fl-7a"/>
      </object_component>
      <object_component id="oc-575">
         <name>.text:memcpyV</name>
         <load_address>0xc44e</load_address>
         <run_address>0xc44e</run_address>
         <size>0x1a</size>
         <input_file_ref idref="fl-43"/>
      </object_component>
      <object_component id="oc-41f">
         <name>.text:strcat</name>
         <load_address>0xc468</load_address>
         <run_address>0xc468</run_address>
         <size>0x1a</size>
         <input_file_ref idref="fl-9f"/>
      </object_component>
      <object_component id="oc-4e8">
         <name>.text:usbDisableInEndpointInterrupt</name>
         <load_address>0xc482</load_address>
         <run_address>0xc482</run_address>
         <size>0x1a</size>
         <input_file_ref idref="fl-42"/>
      </object_component>
      <object_component id="oc-3a2">
         <name>.text:usbDisableOutEndpointInterrupt</name>
         <load_address>0xc49c</load_address>
         <run_address>0xc49c</run_address>
         <size>0x1a</size>
         <input_file_ref idref="fl-42"/>
      </object_component>
      <object_component id="oc-6b6">
         <name>.text:usbSetInterface</name>
         <load_address>0xc4b6</load_address>
         <run_address>0xc4b6</run_address>
         <size>0x1a</size>
         <input_file_ref idref="fl-42"/>
      </object_component>
      <object_component id="oc-1d6">
         <name>.text:USB_resume</name>
         <load_address>0xc4d0</load_address>
         <run_address>0xc4d0</run_address>
         <size>0x18</size>
         <input_file_ref idref="fl-42"/>
      </object_component>
      <object_component id="oc-479">
         <name>.text:_outs</name>
         <load_address>0xc4e8</load_address>
         <run_address>0xc4e8</run_address>
         <size>0x18</size>
         <input_file_ref idref="fl-9e"/>
      </object_component>
      <object_component id="oc-1ca">
         <name>.text:USBCDC_handleDataReceived</name>
         <load_address>0xc500</load_address>
         <run_address>0xc500</run_address>
         <size>0x16</size>
         <input_file_ref idref="fl-3b"/>
      </object_component>
      <object_component id="oc-7e0">
         <name>.text</name>
         <load_address>0xc516</load_address>
         <run_address>0xc516</run_address>
         <size>0x16</size>
         <input_file_ref idref="fl-80"/>
      </object_component>
      <object_component id="oc-236">
         <name>.text</name>
         <load_address>0xc52c</load_address>
         <run_address>0xc52c</run_address>
         <size>0x16</size>
         <input_file_ref idref="fl-9c"/>
      </object_component>
      <object_component id="oc-67a">
         <name>.text:usbGetConfigurationDescriptor</name>
         <load_address>0xc542</load_address>
         <run_address>0xc542</run_address>
         <size>0x16</size>
         <input_file_ref idref="fl-42"/>
      </object_component>
      <object_component id="oc-674">
         <name>.text:usbGetDeviceDescriptor</name>
         <load_address>0xc558</load_address>
         <run_address>0xc558</run_address>
         <size>0x16</size>
         <input_file_ref idref="fl-42"/>
      </object_component>
      <object_component id="oc-211">
         <name>.text:USB_handleVbusOnEvent</name>
         <load_address>0xc56e</load_address>
         <run_address>0xc56e</run_address>
         <size>0x14</size>
         <input_file_ref idref="fl-3b"/>
      </object_component>
      <object_component id="oc-158">
         <name>.text:WDT_A_hold</name>
         <load_address>0xc582</load_address>
         <run_address>0xc582</run_address>
         <size>0x14</size>
         <input_file_ref idref="fl-2f"/>
      </object_component>
      <object_component id="oc-1ac">
         <name>.text:memset</name>
         <load_address>0xc596</load_address>
         <run_address>0xc596</run_address>
         <size>0x14</size>
         <input_file_ref idref="fl-9a"/>
      </object_component>
      <object_component id="oc-66e">
         <name>.text:usbGetConfiguration</name>
         <load_address>0xc5aa</load_address>
         <run_address>0xc5aa</run_address>
         <size>0x14</size>
         <input_file_ref idref="fl-42"/>
      </object_component>
      <object_component id="oc-743">
         <name>.text:usbReceiveDataPacketOnEP0</name>
         <load_address>0xc5be</load_address>
         <run_address>0xc5be</run_address>
         <size>0x14</size>
         <input_file_ref idref="fl-42"/>
      </object_component>
      <object_component id="oc-65c">
         <name>.text:usbSetControlLineState</name>
         <load_address>0xc5d2</load_address>
         <run_address>0xc5d2</run_address>
         <size>0x14</size>
         <input_file_ref idref="fl-44"/>
      </object_component>
      <object_component id="oc-5ee">
         <name>.text:ADC10_A_startConversion</name>
         <load_address>0xc5e6</load_address>
         <run_address>0xc5e6</run_address>
         <size>0x12</size>
         <input_file_ref idref="fl-5"/>
      </object_component>
      <object_component id="oc-1ba">
         <name>.text:CdcIsReceiveInProgress</name>
         <load_address>0xc5f8</load_address>
         <run_address>0xc5f8</run_address>
         <size>0x12</size>
         <input_file_ref idref="fl-44"/>
      </object_component>
      <object_component id="oc-47f">
         <name>.text:_outc</name>
         <load_address>0xc60a</load_address>
         <run_address>0xc60a</run_address>
         <size>0x12</size>
         <input_file_ref idref="fl-9e"/>
      </object_component>
      <object_component id="oc-590">
         <name>.text:memcpy</name>
         <load_address>0xc61c</load_address>
         <run_address>0xc61c</run_address>
         <size>0x12</size>
         <input_file_ref idref="fl-ab"/>
      </object_component>
      <object_component id="oc-6bc">
         <name>.text:usbInvalidRequest</name>
         <load_address>0xc62e</load_address>
         <run_address>0xc62e</run_address>
         <size>0x12</size>
         <input_file_ref idref="fl-42"/>
      </object_component>
      <object_component id="oc-5e2">
         <name>.text:ADC10_A_memoryConfigure</name>
         <load_address>0xc640</load_address>
         <run_address>0xc640</run_address>
         <size>0xe</size>
         <input_file_ref idref="fl-5"/>
      </object_component>
      <object_component id="oc-90">
         <name>.text:decompress:rle24:__TI_decompress_rle24</name>
         <load_address>0xc64e</load_address>
         <run_address>0xc64e</run_address>
         <size>0xe</size>
         <input_file_ref idref="fl-7c"/>
      </object_component>
      <object_component id="oc-182">
         <name>.text:strlen</name>
         <load_address>0xc65c</load_address>
         <run_address>0xc65c</run_address>
         <size>0xe</size>
         <input_file_ref idref="fl-a0"/>
      </object_component>
      <object_component id="oc-750">
         <name>.text:usbSendZeroLengthPacketOnIEP0</name>
         <load_address>0xc66a</load_address>
         <run_address>0xc66a</run_address>
         <size>0xe</size>
         <input_file_ref idref="fl-42"/>
      </object_component>
      <object_component id="oc-6fc">
         <name>.text:DMA_getInterruptStatus</name>
         <load_address>0xc678</load_address>
         <run_address>0xc678</run_address>
         <size>0xc</size>
         <input_file_ref idref="fl-c"/>
      </object_component>
      <object_component id="oc-4bf">
         <name>.text:TIMER_B_stop</name>
         <load_address>0xc684</load_address>
         <run_address>0xc684</run_address>
         <size>0xc</size>
         <input_file_ref idref="fl-24"/>
      </object_component>
      <object_component id="oc-656">
         <name>.text:usbSetLineCoding</name>
         <load_address>0xc690</load_address>
         <run_address>0xc690</run_address>
         <size>0xc</size>
         <input_file_ref idref="fl-44"/>
      </object_component>
      <object_component id="oc-5f4">
         <name>.text:ADC10_A_isBusy</name>
         <load_address>0xc69c</load_address>
         <run_address>0xc69c</run_address>
         <size>0xa</size>
         <input_file_ref idref="fl-5"/>
      </object_component>
      <object_component id="oc-702">
         <name>.text:DMA_disableTransfers</name>
         <load_address>0xc6a6</load_address>
         <run_address>0xc6a6</run_address>
         <size>0xa</size>
         <input_file_ref idref="fl-c"/>
      </object_component>
      <object_component id="oc-6f0">
         <name>.text:DMA_enableTransfers</name>
         <load_address>0xc6b0</load_address>
         <run_address>0xc6b0</run_address>
         <size>0xa</size>
         <input_file_ref idref="fl-c"/>
      </object_component>
      <object_component id="oc-ab">
         <name>.text:_system_pre_init</name>
         <load_address>0xc6ba</load_address>
         <run_address>0xc6ba</run_address>
         <size>0xa</size>
         <input_file_ref idref="fl-4"/>
      </object_component>
      <object_component id="oc-4f8">
         <name>.text</name>
         <load_address>0xc6c4</load_address>
         <run_address>0xc6c4</run_address>
         <size>0xa</size>
         <input_file_ref idref="fl-96"/>
      </object_component>
      <object_component id="oc-522">
         <name>.text</name>
         <load_address>0xc6ce</load_address>
         <run_address>0xc6ce</run_address>
         <size>0xa</size>
         <input_file_ref idref="fl-98"/>
      </object_component>
      <object_component id="oc-6ea">
         <name>.text:DMA_setTransferSize</name>
         <load_address>0xc6d8</load_address>
         <run_address>0xc6d8</run_address>
         <size>0x8</size>
         <input_file_ref idref="fl-c"/>
      </object_component>
      <object_component id="oc-6f6">
         <name>.text:DMA_startTransfer</name>
         <load_address>0xc6e0</load_address>
         <run_address>0xc6e0</run_address>
         <size>0x8</size>
         <input_file_ref idref="fl-c"/>
      </object_component>
      <object_component id="oc-3d0">
         <name>.text:UCS_XT2Off</name>
         <load_address>0xc6e8</load_address>
         <run_address>0xc6e8</run_address>
         <size>0x8</size>
         <input_file_ref idref="fl-27"/>
      </object_component>
      <object_component id="oc-204">
         <name>.text:USB_handleVbusOffEvent</name>
         <load_address>0xc6f0</load_address>
         <run_address>0xc6f0</run_address>
         <size>0x8</size>
         <input_file_ref idref="fl-3b"/>
      </object_component>
      <object_component id="oc-5e8">
         <name>.text:ADC10_A_getResults</name>
         <load_address>0xc6f8</load_address>
         <run_address>0xc6f8</run_address>
         <size>0x6</size>
         <input_file_ref idref="fl-5"/>
      </object_component>
      <object_component id="oc-6d2">
         <name>.text:DMA_disableTransferDuringReadModifyWrite</name>
         <load_address>0xc6fe</load_address>
         <run_address>0xc6fe</run_address>
         <size>0x6</size>
         <input_file_ref idref="fl-c"/>
      </object_component>
      <object_component id="oc-6e4">
         <name>.text:DMA_enableTransferDuringReadModifyWrite</name>
         <load_address>0xc704</load_address>
         <run_address>0xc704</run_address>
         <size>0x6</size>
         <input_file_ref idref="fl-c"/>
      </object_component>
      <object_component id="oc-25e">
         <name>.text:SFR_clearInterrupt</name>
         <load_address>0xc70a</load_address>
         <run_address>0xc70a</run_address>
         <size>0x6</size>
         <input_file_ref idref="fl-20"/>
      </object_component>
      <object_component id="oc-246">
         <name>.text:TIMER_B_clearTimerInterruptFlag</name>
         <load_address>0xc710</load_address>
         <run_address>0xc710</run_address>
         <size>0x6</size>
         <input_file_ref idref="fl-24"/>
      </object_component>
      <object_component id="oc-258">
         <name>.text:UCS_clearFaultFlag</name>
         <load_address>0xc716</load_address>
         <run_address>0xc716</run_address>
         <size>0x6</size>
         <input_file_ref idref="fl-27"/>
      </object_component>
      <object_component id="oc-44c">
         <name>.text:USB_getVersion</name>
         <load_address>0xc71c</load_address>
         <run_address>0xc71c</run_address>
         <size>0x6</size>
         <input_file_ref idref="fl-42"/>
      </object_component>
      <object_component id="oc-9a">
         <name>.text:__TI_ISR_TRAP</name>
         <load_address>0xc722</load_address>
         <run_address>0xc722</run_address>
         <size>0x6</size>
         <input_file_ref idref="fl-95"/>
      </object_component>
      <object_component id="oc-4f0">
         <name>.text:usbRestoreInEndpointInterrupt</name>
         <load_address>0xc728</load_address>
         <run_address>0xc728</run_address>
         <size>0x6</size>
         <input_file_ref idref="fl-42"/>
      </object_component>
      <object_component id="oc-3a9">
         <name>.text:usbRestoreOutEndpointInterrupt</name>
         <load_address>0xc72e</load_address>
         <run_address>0xc72e</run_address>
         <size>0x6</size>
         <input_file_ref idref="fl-42"/>
      </object_component>
      <object_component id="oc-3c6">
         <name>.text:USBCDC_handleReceiveCompleted</name>
         <load_address>0xc734</load_address>
         <run_address>0xc734</run_address>
         <size>0x4</size>
         <input_file_ref idref="fl-3b"/>
      </object_component>
      <object_component id="oc-3fa">
         <name>.text:USBCDC_handleSendCompleted</name>
         <load_address>0xc738</load_address>
         <run_address>0xc738</run_address>
         <size>0x4</size>
         <input_file_ref idref="fl-3b"/>
      </object_component>
      <object_component id="oc-74a">
         <name>.text:USBCDC_handleSetControlLineState</name>
         <load_address>0xc73c</load_address>
         <run_address>0xc73c</run_address>
         <size>0x4</size>
         <input_file_ref idref="fl-3b"/>
      </object_component>
      <object_component id="oc-542">
         <name>.text:USBCDC_handleSetLineCoding</name>
         <load_address>0xc740</load_address>
         <run_address>0xc740</run_address>
         <size>0x4</size>
         <input_file_ref idref="fl-3b"/>
      </object_component>
      <object_component id="oc-218">
         <name>.text:USB_handleClockEvent</name>
         <load_address>0xc744</load_address>
         <run_address>0xc744</run_address>
         <size>0x4</size>
         <input_file_ref idref="fl-3b"/>
      </object_component>
      <object_component id="oc-790">
         <name>.text:USB_handleEnumCompleteEvent</name>
         <load_address>0xc748</load_address>
         <run_address>0xc748</run_address>
         <size>0x4</size>
         <input_file_ref idref="fl-3b"/>
      </object_component>
      <object_component id="oc-1f7">
         <name>.text:USB_handleResetEvent</name>
         <load_address>0xc74c</load_address>
         <run_address>0xc74c</run_address>
         <size>0x4</size>
         <input_file_ref idref="fl-3b"/>
      </object_component>
      <object_component id="oc-1dd">
         <name>.text:USB_handleResumeEvent</name>
         <load_address>0xc750</load_address>
         <run_address>0xc750</run_address>
         <size>0x4</size>
         <input_file_ref idref="fl-3b"/>
      </object_component>
      <object_component id="oc-1ea">
         <name>.text:USB_handleSuspendEvent</name>
         <load_address>0xc754</load_address>
         <run_address>0xc754</run_address>
         <size>0x4</size>
         <input_file_ref idref="fl-3b"/>
      </object_component>
      <object_component id="oc-bd">
         <name>.text:abort</name>
         <load_address>0xc758</load_address>
         <run_address>0xc758</run_address>
         <size>0x4</size>
         <input_file_ref idref="fl-83"/>
      </object_component>
      <object_component id="oc-a5">
         <name>.text:_isr:PORT1_ISR</name>
         <load_address>0xc75c</load_address>
         <run_address>0xc75c</run_address>
         <size>0x2</size>
         <input_file_ref idref="fl-47"/>
      </object_component>
      <object_component id="oc-850">
         <name>.cinit..data.load</name>
         <load_address>0xcb8a</load_address>
         <run_address>0xcb8a</run_address>
         <size>0xd</size>
      </object_component>
      <object_component id="oc-84d">
         <name>__TI_handler_table</name>
         <load_address>0xcb98</load_address>
         <run_address>0xcb98</run_address>
         <size>0xc</size>
      </object_component>
      <object_component id="oc-84f">
         <name>.cinit..bss.load</name>
         <load_address>0xcba4</load_address>
         <run_address>0xcba4</run_address>
         <size>0x6</size>
      </object_component>
      <object_component id="oc-84e">
         <name>__TI_cinit_table</name>
         <load_address>0xcbaa</load_address>
         <run_address>0xcbaa</run_address>
         <size>0x10</size>
      </object_component>
      <object_component id="oc-505">
         <name>.const:tUsbRequestList</name>
         <load_address>0xc75e</load_address>
         <run_address>0xc75e</run_address>
         <size>0x134</size>
         <input_file_ref idref="fl-39"/>
      </object_component>
      <object_component id="oc-48d">
         <name>.const:.string:_ctypes_</name>
         <load_address>0xc892</load_address>
         <run_address>0xc892</run_address>
         <size>0x101</size>
         <input_file_ref idref="fl-a8"/>
      </object_component>
      <object_component id="oc-76b">
         <name>.const:.string:abromStringDescriptor</name>
         <load_address>0xc994</load_address>
         <run_address>0xc994</run_address>
         <size>0xb4</size>
         <input_file_ref idref="fl-39"/>
      </object_component>
      <object_component id="oc-767">
         <name>.const</name>
         <load_address>0xca48</load_address>
         <run_address>0xca48</run_address>
         <size>0x8d</size>
         <input_file_ref idref="fl-39"/>
      </object_component>
      <object_component id="oc-328">
         <name>.const:.string</name>
         <load_address>0xcad6</load_address>
         <run_address>0xcad6</run_address>
         <size>0x4e</size>
         <input_file_ref idref="fl-49"/>
      </object_component>
      <object_component id="oc-4fe">
         <name>.const:.string</name>
         <load_address>0xcb24</load_address>
         <run_address>0xcb24</run_address>
         <size>0x20</size>
         <input_file_ref idref="fl-42"/>
      </object_component>
      <object_component id="oc-39f">
         <name>.const:stUsbHandle</name>
         <load_address>0xcb44</load_address>
         <run_address>0xcb44</run_address>
         <size>0x20</size>
         <input_file_ref idref="fl-39"/>
      </object_component>
      <object_component id="oc-70b">
         <name>.const:.string</name>
         <load_address>0xcb64</load_address>
         <run_address>0xcb64</run_address>
         <size>0x14</size>
         <input_file_ref idref="fl-a5"/>
      </object_component>
      <object_component id="oc-762">
         <name>.const:.string:abromDeviceDescriptor</name>
         <load_address>0xcb78</load_address>
         <run_address>0xcb78</run_address>
[...]
         <value>0xc482</value>
         <object_component_ref idref="oc-4e8"/>
      </symbol>
      <symbol id="sm-922">
         <name>USB_disable</name>
         <value>0xc328</value>
         <object_component_ref idref="oc-252"/>
      </symbol>
      <symbol id="sm-941">
         <name>USB_TX_memcpy</name>
         <value>0x2618</value>
      </symbol>
      <symbol id="sm-942">
         <name>USB_RX_memcpy</name>
         <value>0x2614</value>
      </symbol>
      <symbol id="sm-943">
         <name>USB_initMemcpy</name>
         <value>0xbcea</value>
         <object_component_ref idref="oc-459"/>
      </symbol>
      <symbol id="sm-944">
         <name>memcpyDMA</name>
         <value>0xb746</value>
         <object_component_ref idref="oc-583"/>
      </symbol>
      <symbol id="sm-945">
         <name>memcpyV</name>
         <value>0xc44e</value>
         <object_component_ref idref="oc-575"/>
      </symbol>
      <symbol id="sm-9f2">
         <name>Handler_SetLineCoding</name>
         <value>0xb6e8</value>
         <object_component_ref idref="oc-40d"/>
      </symbol>
      <symbol id="sm-9f3">
         <name>usbSetControlLineState</name>
         <value>0xc5d2</value>
         <object_component_ref idref="oc-65c"/>
      </symbol>
      <symbol id="sm-9f4">
         <name>USBCDC_receiveData</name>
         <value>0x90ea</value>
         <object_component_ref idref="oc-311"/>
      </symbol>
      <symbol id="sm-9f5">
         <name>CdcToBufferFromHost</name>
         <value>0x9f0e</value>
         <object_component_ref idref="oc-1d0"/>
      </symbol>
      <symbol id="sm-9f6">
         <name>USBCDC_bytesInUSBBuffer</name>
         <value>0xafc8</value>
         <object_component_ref idref="oc-1c0"/>
      </symbol>
      <symbol id="sm-9f7">
         <name>CdcIsReceiveInProgress</name>
         <value>0xc5f8</value>
         <object_component_ref idref="oc-1ba"/>
      </symbol>
      <symbol id="sm-9f8">
         <name>CdcResetData</name>
         <value>0xbc6a</value>
         <object_component_ref idref="oc-3de"/>
      </symbol>
      <symbol id="sm-9f9">
         <name>usbGetLineCoding</name>
         <value>0xb7a0</value>
         <object_component_ref idref="oc-650"/>
      </symbol>
      <symbol id="sm-9fa">
         <name>usbSetLineCoding</name>
         <value>0xc690</value>
         <object_component_ref idref="oc-656"/>
      </symbol>
      <symbol id="sm-9fb">
         <name>USBCDC_intfStatus</name>
         <value>0xa894</value>
         <object_component_ref idref="oc-37d"/>
      </symbol>
      <symbol id="sm-9fc">
         <name>CdcToHostFromBuffer</name>
         <value>0x996c</value>
         <object_component_ref idref="oc-21e"/>
      </symbol>
      <symbol id="sm-9fd">
         <name>USBCDC_sendData</name>
         <value>0xb03e</value>
         <object_component_ref idref="oc-383"/>
      </symbol>
      <symbol id="sm-9fe">
         <name>CopyUsbToBuff</name>
         <value>0xb62a</value>
         <object_component_ref idref="oc-3bf"/>
      </symbol>
      <symbol id="sm-a0e">
         <name>ASYNCTIMER_hadler</name>
         <value>0xb490</value>
         <object_component_ref idref="oc-359"/>
      </symbol>
      <symbol id="sm-a1c">
         <name>BSL_enterBSL</name>
         <value>0xc2e4</value>
         <object_component_ref idref="oc-34f"/>
      </symbol>
      <symbol id="sm-a78">
         <name>ENCODER_disableController</name>
         <value>0xa93c</value>
         <object_component_ref idref="oc-4cb"/>
      </symbol>
      <symbol id="sm-a79">
         <name>__TI_int47</name>
         <value>0xffde</value>
         <object_component_ref idref="oc-6e"/>
      </symbol>
      <symbol id="sm-a7a">
         <name>__TI_int42</name>
         <value>0xffd4</value>
         <object_component_ref idref="oc-69"/>
      </symbol>
      <symbol id="sm-a7b">
         <name>PORT1_ISR</name>
         <value>0xc75c</value>
         <object_component_ref idref="oc-a5"/>
      </symbol>
      <symbol id="sm-a7c">
         <name>ENCODER_enableController</name>
         <value>0x93fc</value>
         <object_component_ref idref="oc-4d1"/>
      </symbol>
      <symbol id="sm-a7d">
         <name>ENCODER_hadler</name>
         <value>0xb2e8</value>
         <object_component_ref idref="oc-362"/>
      </symbol>
      <symbol id="sm-a7e">
         <name>PORT2_ISR</name>
         <value>0x927c</value>
         <object_component_ref idref="oc-9f"/>
      </symbol>
      <symbol id="sm-ad4">
         <name>MOTOR_hadler</name>
         <value>0xb196</value>
         <object_component_ref idref="oc-370"/>
      </symbol>
      <symbol id="sm-ad5">
         <name>MOTOR_enableController</name>
         <value>0x8988</value>
         <object_component_ref idref="oc-4e0"/>
      </symbol>
      <symbol id="sm-ad6">
         <name>MOTOR_disableController</name>
         <value>0xb208</value>
         <object_component_ref idref="oc-4da"/>
      </symbol>
      <symbol id="sm-ad7">
         <name>MOTOR_stop</name>
         <value>0x9bde</value>
         <object_component_ref idref="oc-11e"/>
      </symbol>
      <symbol id="sm-b74">
         <name>PROTOCOL_transResponse</name>
         <value>0xa734</value>
         <object_component_ref idref="oc-376"/>
      </symbol>
      <symbol id="sm-b75">
         <name>PROTOCOL_recvResponse</name>
         <value>0x8bc8</value>
         <object_component_ref idref="oc-23c"/>
      </symbol>
      <symbol id="sm-b76">
         <name>PROTOCOL_hadler</name>
         <value>0x8000</value>
         <object_component_ref idref="oc-194"/>
      </symbol>
      <symbol id="sm-b77">
         <name>PROTOCOL_errResponse</name>
         <value>0xa004</value>
         <object_component_ref idref="oc-36a"/>
      </symbol>
      <symbol id="sm-bf7">
         <name>SENSOR_read_analog</name>
         <value>0x8dae</value>
         <object_component_ref idref="oc-4ae"/>
      </symbol>
      <symbol id="sm-bf8">
         <name>SENSOR_read_digital</name>
         <value>0x8672</value>
         <object_component_ref idref="oc-4a6"/>
      </symbol>
      <symbol id="sm-bf9">
         <name>SENSOR_hadler</name>
         <value>0xac36</value>
         <object_component_ref idref="oc-349"/>
      </symbol>
      <symbol id="sm-bfa">
         <name>SENSOR_enableController</name>
         <value>0xc306</value>
         <object_component_ref idref="oc-49e"/>
      </symbol>
      <symbol id="sm-c0a">
         <name>_c_int00_noexit</name>
         <value>0xc434</value>
         <object_component_ref idref="oc-71"/>
      </symbol>
      <symbol id="sm-c0b">
         <name>_c_int00</name>
         <value>0xc434</value>
         <object_component_ref idref="oc-71"/>
      </symbol>
      <symbol id="sm-c0c">
         <name>_stack</name>
         <value>0x3360</value>
         <object_component_ref idref="oc-96"/>
      </symbol>
      <symbol id="sm-c0d">
         <name>_reset_vector</name>
         <value>0xfffe</value>
         <object_component_ref idref="oc-99"/>
      </symbol>
      <symbol id="sm-c1e">
         <name>__TI_decompress_none</name>
         <value>0xbee0</value>
         <object_component_ref idref="oc-84"/>
      </symbol>
      <symbol id="sm-c42">
         <name>__TI_decompress_rle24</name>
         <value>0xc64e</value>
         <object_component_ref idref="oc-90"/>
      </symbol>
      <symbol id="sm-c55">
         <name>__TI_zero_init</name>
         <value>0xbde8</value>
         <object_component_ref idref="oc-8a"/>
      </symbol>
      <symbol id="sm-c60">
         <name>__memcpy_far</name>
         <value>0xbd2a</value>
         <object_component_ref idref="oc-d6"/>
      </symbol>
      <symbol id="sm-c6b">
         <name>__mspabi_remu</name>
         <value>0xc516</value>
         <object_component_ref idref="oc-7e0"/>
      </symbol>
      <symbol id="sm-c6c">
         <name>__mspabi_divu</name>
         <value>0xc516</value>
         <object_component_ref idref="oc-7e0"/>
      </symbol>
      <symbol id="sm-c7b">
         <name>__mspabi_remul</name>
         <value>0xb852</value>
         <object_component_ref idref="oc-2db"/>
      </symbol>
      <symbol id="sm-c7c">
         <name>__mspabi_divul</name>
         <value>0xb852</value>
         <object_component_ref idref="oc-2db"/>
      </symbol>
      <symbol id="sm-c86">
         <name>C$$EXIT</name>
         <value>0xc758</value>
         <object_component_ref idref="oc-bd"/>
      </symbol>
      <symbol id="sm-c87">
         <name>abort</name>
         <value>0xc758</value>
         <object_component_ref idref="oc-bd"/>
      </symbol>
      <symbol id="sm-c8a">
         <name>__TI_int41</name>
         <value>0xffd2</value>
         <object_component_ref idref="oc-68"/>
      </symbol>
      <symbol id="sm-c8d">
         <name>__TI_int43</name>
         <value>0xffd6</value>
         <object_component_ref idref="oc-6a"/>
      </symbol>
      <symbol id="sm-c90">
         <name>__TI_int44</name>
         <value>0xffd8</value>
         <object_component_ref idref="oc-6b"/>
      </symbol>
      <symbol id="sm-c93">
         <name>__TI_int45</name>
         <value>0xffda</value>
         <object_component_ref idref="oc-6c"/>
      </symbol>
      <symbol id="sm-c96">
         <name>__TI_int46</name>
         <value>0xffdc</value>
         <object_component_ref idref="oc-6d"/>
      </symbol>
      <symbol id="sm-c99">
         <name>__TI_int48</name>
         <value>0xffe0</value>
         <object_component_ref idref="oc-6f"/>
      </symbol>
      <symbol id="sm-c9c">
         <name>__TI_int49</name>
         <value>0xffe2</value>
         <object_component_ref idref="oc-70"/>
      </symbol>
      <symbol id="sm-c9f">
         <name>__TI_int50</name>
         <value>0xffe4</value>
         <object_component_ref idref="oc-77"/>
      </symbol>
      <symbol id="sm-ca2">
         <name>__TI_int52</name>
         <value>0xffe8</value>
         <object_component_ref idref="oc-79"/>
      </symbol>
      <symbol id="sm-ca5">
         <name>__TI_int53</name>
         <value>0xffea</value>
         <object_component_ref idref="oc-7a"/>
      </symbol>
      <symbol id="sm-ca8">
         <name>__TI_int54</name>
         <value>0xffec</value>
         <object_component_ref idref="oc-7b"/>
      </symbol>
      <symbol id="sm-cab">
         <name>__TI_int55</name>
         <value>0xffee</value>
         <object_component_ref idref="oc-7c"/>
      </symbol>
      <symbol id="sm-cae">
         <name>__TI_int56</name>
         <value>0xfff0</value>
         <object_component_ref idref="oc-7d"/>
      </symbol>
      <symbol id="sm-cb1">
         <name>__TI_int57</name>
         <value>0xfff2</value>
         <object_component_ref idref="oc-7e"/>
      </symbol>
      <symbol id="sm-cb4">
         <name>__TI_int59</name>
         <value>0xfff6</value>
         <object_component_ref idref="oc-80"/>
      </symbol>
      <symbol id="sm-cb7">
         <name>__TI_int60</name>
         <value>0xfff8</value>
         <object_component_ref idref="oc-81"/>
      </symbol>
      <symbol id="sm-cba">
         <name>__TI_int62</name>
         <value>0xfffc</value>
         <object_component_ref idref="oc-83"/>
      </symbol>
      <symbol id="sm-cc2">
         <name>__TI_ISR_TRAP</name>
         <value>0xc722</value>
         <object_component_ref idref="oc-9a"/>
      </symbol>
      <symbol id="sm-ccb">
         <name>__mspabi_slli</name>
         <value>0xc6c4</value>
         <object_component_ref idref="oc-4f8"/>
      </symbol>
      <symbol id="sm-cd3">
         <name>__mspabi_slll_9</name>
         <value>0xbe7c</value>
         <object_component_ref idref="oc-536"/>
      </symbol>
      <symbol id="sm-cd4">
         <name>__mspabi_slll_8</name>
         <value>0xbe80</value>
         <object_component_ref idref="oc-536"/>
      </symbol>
      <symbol id="sm-cd5">
         <name>__mspabi_slll_7</name>
         <value>0xbe84</value>
         <object_component_ref idref="oc-536"/>
      </symbol>
      <symbol id="sm-cd6">
         <name>__mspabi_slll_6</name>
         <value>0xbe88</value>
         <object_component_ref idref="oc-536"/>
      </symbol>
      <symbol id="sm-cd7">
         <name>__mspabi_slll_5</name>
         <value>0xbe8c</value>
         <object_component_ref idref="oc-536"/>
      </symbol>
      <symbol id="sm-cd8">
         <name>__mspabi_slll_4</name>
         <value>0xbe90</value>
         <object_component_ref idref="oc-536"/>
      </symbol>
      <symbol id="sm-cd9">
         <name>__mspabi_slll_3</name>
         <value>0xbe94</value>
         <object_component_ref idref="oc-536"/>
      </symbol>
      <symbol id="sm-cda">
         <name>__mspabi_slll_2</name>
         <value>0xbe98</value>
         <object_component_ref idref="oc-536"/>
      </symbol>
      <symbol id="sm-cdb">
         <name>__mspabi_slll_1</name>
         <value>0xbe9c</value>
         <object_component_ref idref="oc-536"/>
      </symbol>
      <symbol id="sm-cdc">
         <name>__mspabi_slll_15</name>
         <value>0xbe64</value>
         <object_component_ref idref="oc-536"/>
      </symbol>
      <symbol id="sm-cdd">
         <name>__mspabi_slll_14</name>
         <value>0xbe68</value>
         <object_component_ref idref="oc-536"/>
      </symbol>
      <symbol id="sm-cde">
         <name>__mspabi_slll_13</name>
         <value>0xbe6c</value>
         <object_component_ref idref="oc-536"/>
      </symbol>
      <symbol id="sm-cdf">
         <name>__mspabi_slll_12</name>
         <value>0xbe70</value>
         <object_component_ref idref="oc-536"/>
      </symbol>
      <symbol id="sm-ce0">
         <name>__mspabi_slll_11</name>
         <value>0xbe74</value>
         <object_component_ref idref="oc-536"/>
      </symbol>
      <symbol id="sm-ce1">
         <name>__mspabi_slll_10</name>
         <value>0xbe78</value>
         <object_component_ref idref="oc-536"/>
      </symbol>
      <symbol id="sm-cea">
         <name>__mspabi_srli</name>
         <value>0xc6ce</value>
         <object_component_ref idref="oc-522"/>
      </symbol>
      <symbol id="sm-cf2">
         <name>__mspabi_srll_8</name>
         <value>0xbebe</value>
         <object_component_ref idref="oc-2e0"/>
      </symbol>
      <symbol id="sm-cf3">
         <name>__mspabi_srll_9</name>
         <value>0xbeba</value>
         <object_component_ref idref="oc-2e0"/>
      </symbol>
      <symbol id="sm-cf4">
         <name>__mspabi_srll_6</name>
         <value>0xbec6</value>
         <object_component_ref idref="oc-2e0"/>
      </symbol>
      <symbol id="sm-cf5">
         <name>__mspabi_srll_7</name>
         <value>0xbec2</value>
         <object_component_ref idref="oc-2e0"/>
      </symbol>
      <symbol id="sm-cf6">
         <name>__mspabi_srll_4</name>
         <value>0xbece</value>
         <object_component_ref idref="oc-2e0"/>
      </symbol>
      <symbol id="sm-cf7">
         <name>__mspabi_srll_5</name>
         <value>0xbeca</value>
         <object_component_ref idref="oc-2e0"/>
      </symbol>
      <symbol id="sm-cf8">
         <name>__mspabi_srll_2</name>
         <value>0xbed6</value>
         <object_component_ref idref="oc-2e0"/>
      </symbol>
      <symbol id="sm-cf9">
         <name>__mspabi_srll_3</name>
         <value>0xbed2</value>
         <object_component_ref idref="oc-2e0"/>
      </symbol>
      <symbol id="sm-cfa">
         <name>__mspabi_srll_1</name>
         <value>0xbeda</value>
         <object_component_ref idref="oc-2e0"/>
      </symbol>
      <symbol id="sm-cfb">
         <name>__mspabi_srll_15</name>
         <value>0xbea2</value>
         <object_component_ref idref="oc-2e0"/>
      </symbol>
      <symbol id="sm-cfc">
         <name>__mspabi_srll_14</name>
         <value>0xbea6</value>
         <object_component_ref idref="oc-2e0"/>
      </symbol>
      <symbol id="sm-cfd">
         <name>__mspabi_srll_13</name>
         <value>0xbeaa</value>
         <object_component_ref idref="oc-2e0"/>
      </symbol>
      <symbol id="sm-cfe">
         <name>__mspabi_srll_12</name>
         <value>0xbeae</value>
         <object_component_ref idref="oc-2e0"/>
      </symbol>
      <symbol id="sm-cff">
         <name>__mspabi_srll_11</name>
         <value>0xbeb2</value>
         <object_component_ref idref="oc-2e0"/>
      </symbol>
      <symbol id="sm-d00">
         <name>__mspabi_srll_10</name>
         <value>0xbeb6</value>
         <object_component_ref idref="oc-2e0"/>
      </symbol>
      <symbol id="sm-d0e">
         <name>memset</name>
         <value>0xc596</value>
         <object_component_ref idref="oc-1ac"/>
      </symbol>
      <symbol id="sm-d17">
         <name>__mspabi_mpyi_f5hw</name>
         <value>0xc52c</value>
         <object_component_ref idref="oc-236"/>
      </symbol>
      <symbol id="sm-d1f">
         <name>__mspabi_mpyl_f5hw</name>
         <value>0xc34a</value>
         <object_component_ref idref="oc-490"/>
      </symbol>
      <symbol id="sm-d40">
         <name>sprintf</name>
         <value>0xbf8e</value>
         <object_component_ref idref="oc-329"/>
      </symbol>
      <symbol id="sm-d4f">
         <name>strcat</name>
         <value>0xc468</value>
         <object_component_ref idref="oc-41f"/>
      </symbol>
      <symbol id="sm-d5c">
         <name>strlen</name>
         <value>0xc65c</value>
         <object_component_ref idref="oc-182"/>
      </symbol>
      <symbol id="sm-d6c">
         <name>strncat</name>
         <value>0xc206</value>
         <object_component_ref idref="oc-1a6"/>
      </symbol>
      <symbol id="sm-d7c">
         <name>strncpy</name>
         <value>0xc1b0</value>
         <object_component_ref idref="oc-31f"/>
      </symbol>
      <symbol id="sm-da1">
         <name>strtoul</name>
         <value>0x8f56</value>
         <object_component_ref idref="oc-32f"/>
      </symbol>
      <symbol id="sm-e09">
         <name>__TI_printfi_minimal</name>
         <value>0xa43e</value>
         <object_component_ref idref="oc-485"/>
      </symbol>
      <symbol id="sm-e20">
         <name>_auto_init_hold_wdt</name>
         <value>0xae50</value>
         <object_component_ref idref="oc-b1"/>
      </symbol>
      <symbol id="sm-e2a">
         <name>_ctypes_</name>
         <value>0xc892</value>
         <object_component_ref idref="oc-48d"/>
      </symbol>
      <symbol id="sm-e31">
         <name>_Errno</name>
         <value>0x269a</value>
         <object_component_ref idref="oc-495"/>
      </symbol>
      <symbol id="sm-e40">
         <name>memccpy</name>
         <value>0xc3e4</value>
         <object_component_ref idref="oc-712"/>
      </symbol>
      <symbol id="sm-e4e">
         <name>memcpy</name>
         <value>0xc61c</value>
         <object_component_ref idref="oc-590"/>
      </symbol>
      <symbol id="sm-e4f">
         <name>__TI_exit</name>
         <value>0x1</value>
      </symbol>
      <symbol id="sm-e50">
         <name>__TI_args_main</name>
         <value>0x1</value>
      </symbol>
      <symbol id="sm-e51">
         <name>__TI_INITARRAY_Base</name>
         <value>0x0</value>
      </symbol>
      <symbol id="sm-e52">
         <name>__TI_INITARRAY_Limit</name>
         <value>0x0</value>
      </symbol>
   </symbol_table>
   <title>Link successful</title>
</link_info>
